#
# A fatal error has been detected by the Java Runtime Environment:
#
#  EXCEPTION_ACCESS_VIOLATION (0xc0000005) at pc=0x00007fff972d146c, pid=26344, tid=27012
#
# JRE version: OpenJDK Runtime Environment (21.0.1+12) (build 21.0.1+12-29)
# Java VM: OpenJDK 64-Bit Server VM (21.0.1+12-29, mixed mode, sharing, tiered, compressed oops, compressed class ptrs, g1 gc, windows-amd64)
# Problematic frame:
# C  [VCRUNTIME140.dll+0x146c]
#
# No core dump will be written. Minidumps are not enabled by default on client versions of Windows
#
# If you would like to submit a bug report, please visit:
#   https://bugreport.java.com/bugreport/crash.jsp
#

---------------  S U M M A R Y ------------

Command Line: -javaagent:C:\Users\prakt\AppData\Local\Programs\IntelliJ IDEA Community Edition\lib\idea_rt.jar=50765 -Dfile.encoding=UTF-8 -Dsun.stdout.encoding=UTF-8 -Dsun.stderr.encoding=UTF-8 --module-path=C:\Users\prakt\.m2\repository\org\openjfx\javafx-controls\21.0.5\javafx-controls-21.0.5-win.jar;C:\Users\prakt\.m2\repository\org\junit\jupiter\junit-jupiter-api\5.10.1\junit-jupiter-api-5.10.1.jar;C:\Users\prakt\.m2\repository\javazoom\jlayer\1.0.1\jlayer-1.0.1.jar;C:\Users\prakt\.m2\repository\org\apiguardian\apiguardian-api\1.1.2\apiguardian-api-1.1.2.jar;C:\Users\prakt\.m2\repository\org\openjfx\javafx-web\21.0.5\javafx-web-21.0.5-win.jar;C:\Users\prakt\IdeaProjects\kst4contest\target\classes;C:\Users\prakt\.m2\repository\org\openjfx\javafx-fxml\21.0.5\javafx-fxml-21.0.5-win.jar;C:\Users\prakt\.m2\repository\org\xerial\sqlite-jdbc\3.43.2.2\sqlite-jdbc-3.43.2.2.jar;C:\Users\prakt\.m2\repository\org\mockito\mockito-core\5.17.0\mockito-core-5.17.0.jar;C:\Users\prakt\.m2\repository\org\openjfx\javafx-media\21.0.5\javafx-media-21.0.5-win.jar;C:\Users\prakt\.m2\repository\net\bytebuddy\byte-buddy\1.15.11\byte-buddy-1.15.11.jar;C:\Users\prakt\.m2\repository\org\openjfx\javafx-base\21.0.5\javafx-base-21.0.5-win.jar;C:\Users\prakt\.m2\repository\net\bytebuddy\byte-buddy-agent\1.15.11\byte-buddy-agent-1.15.11.jar;C:\Users\prakt\.m2\repository\org\openjfx\javafx-graphics\21.0.5\javafx-graphics-21.0.5-win.jar;C:\Users\prakt\.m2\repository\org\opentest4j\opentest4j\1.3.0\opentest4j-1.3.0.jar;C:\Users\prakt\.m2\repository\org\slf4j\slf4j-api\1.7.36\slf4j-api-1.7.36.jar;C:\Users\prakt\.m2\repository\org\objenesis\objenesis\3.3\objenesis-3.3.jar;C:\Users\prakt\.m2\repository\org\junit\platform\junit-platform-commons\1.10.1\junit-platform-commons-1.10.1.jar -Djdk.module.main=praktiKST praktiKST/kst4contest.view.Kst4ContestApplication

Host: 12th Gen Intel(R) Core(TM) i7-12700H, 20 cores, 15G,  Windows 11 , 64 bit Build 26100 (10.0.26100.8875)
Time: Tue Aug 11 22:44:01 2026 Mitteleuropäische Sommerzeit elapsed time: 10119.199488 seconds (0d 2h 48m 39s)

---------------  T H R E A D  ---------------

Current thread (0x000001a27c770090):  JavaThread "pool-4-thread-1" [_thread_in_vm, id=27012, stack(0x0000004d90c00000,0x0000004d90d00000) (1024K)]

Stack: [0x0000004d90c00000,0x0000004d90d00000],  sp=0x0000004d90cffc38,  free space=1023k
Native frames: (J=compiled Java code, j=interpreted, Vv=VM code, C=native code)
C  [VCRUNTIME140.dll+0x146c]
V  [jvm.dll+0x801d7b]
V  [jvm.dll+0x8080a6]
V  [jvm.dll+0x3ecd9e]
V  [jvm.dll+0x3edfd3]
V  [jvm.dll+0x6c777d]
C  [ucrtbase.dll+0x2cd30]
C  [KERNEL32.DLL+0x2e957]
C  [ntdll.dll+0xaad6c]


siginfo: EXCEPTION_ACCESS_VIOLATION (0xc0000005), reading address 0xffffffffffffffff


Registers:
RAX=0x000001a208c60480, RBX=0x000001a27c770090, RCX=0x000001a208c60480, RDX=0x8d34440affff0000
RSP=0x0000004d90cffc38, RBP=0x0000000000000000, RSI=0x000001a27bf36a50, RDI=0x000001a209d25830
R8 =0x00000007fffffff8, R9 =0x000001a208c60480, R10=0x00007fff972d0000, R11=0x0000004d90cffc00
R12=0x0000000000000000, R13=0x0000000000000000, R14=0x00000000ffffffff, R15=0x0000000000000000
RIP=0x00007fff972d146c, EFLAGS=0x0000000000010202


Register to memory mapping:

RAX=0x000001a208c60480 points into unknown readable memory: 0x16629080eb1c164b | 4b 16 1c eb 80 90 62 16
RBX=0x000001a27c770090 points into unknown readable memory: 0x00007fff304e3b78 | 78 3b 4e 30 ff 7f 00 00
RCX=0x000001a208c60480 points into unknown readable memory: 0x16629080eb1c164b | 4b 16 1c eb 80 90 62 16
RDX=0x8d34440affff0000 is an unknown value
RSP=0x0000004d90cffc38 points into unknown readable memory: 0x00007fff30301d7b | 7b 1d 30 30 ff 7f 00 00
RBP=0x0 is null
RSI=0x000001a27bf36a50 points into unknown readable memory: 0x8d34440affff0000 | 00 00 ff ff 0a 44 34 8d
RDI=0x000001a209d25830 points into unknown readable memory: 0xffffffff544c5354 | 54 53 4c 54 ff ff ff ff
R8 =
[error occurred during error reporting (printing register info), id 0xc0000005, EXCEPTION_ACCESS_VIOLATION (0xc0000005) at pc=0x00007fff2fc3e1f1]
R9 =0x000001a208c60480 points into unknown readable memory: 0x16629080eb1c164b | 4b 16 1c eb 80 90 62 16
R10=0x00007fff972d0000 VCRUNTIME140.dll
R11=0x0000004d90cffc00 points into unknown readable memory: 0xffffffffffffffff | ff ff ff ff ff ff ff ff
R12=0x0 is null
R13=0x0 is null
R14=0x00000000ffffffff is an unknown value
R15=0x0 is null

Top of Stack: (sp=0x0000004d90cffc38)
0x0000004d90cffc38:   00007fff30301d7b 00000000ffffffff
0x0000004d90cffc48:   000001a27bf36a50 00007fff3073a5f8
0x0000004d90cffc58:   0000000000000000 00007fff3073a5f8
0x0000004d90cffc68:   00007fff303080a6 000001a27c770090
0x0000004d90cffc78:   0000004d90cffda0 0000000000000000
0x0000004d90cffc88:   000001a27c770090 00007fff304e3e20
0x0000004d90cffc98:   00007fff2feecd9e 00007fff304e3e18
0x0000004d90cffca8:   00000007ffa55b98 00000007ffa55b98
0x0000004d90cffcb8:   00000007ffa55b98 000001a236486678
0x0000004d90cffcc8:   000001a27c770090 000001a27bf38450
0x0000004d90cffcd8:   000001a27bf38450 000001a236486678
0x0000004d90cffce8:   000001a27c770090 000001a20000000e
0x0000004d90cffcf8:   000001a23603d3f8 000001a27c770090
0x0000004d90cffd08:   0000000000000000 000001a20516d4a0
0x0000004d90cffd18:   000001a20516d400 0000000000000000
0x0000004d90cffd28:   00000000000000d8 0000004d90cffd00
0x0000004d90cffd38:   0000000000000000 000001a27c770090
0x0000004d90cffd48:   00007fff2feef100 0000000000000000
0x0000004d90cffd58:   000001a27c770090 000001a27c49de00
0x0000004d90cffd68:   0000000000000000 000001a27c770090
0x0000004d90cffd78:   00007fff0000000e 000001a200000000
0x0000004d90cffd88:   000001a27c770090 000001a20516d4b8
0x0000004d90cffd98:   0000000000000009 000001a27c770090
0x0000004d90cffda8:   000001a20434e030 000001a20516d4a0
0x0000004d90cffdb8:   000001a20516d4b0 000001a20516d588
0x0000004d90cffdc8:   00000000000000d8 000001a20434de30
0x0000004d90cffdd8:   00007fff302fd728 0000000000000000
0x0000004d90cffde8:   0000000000000000 0000000000000000
0x0000004d90cffdf8:   0000000000000000 0000000000000000
0x0000004d90cffe08:   0000000000000000 0000000000004e93
0x0000004d90cffe18:   000001a27c770090 0000000000000000
0x0000004d90cffe28:   00007fff2feedfd3 000001a27c770090 

Instructions: (pc=0x00007fff972d146c)
0x00007fff972d136c:   89 08 66 44 89 40 04 44 88 48 06 c3 4c 8b 02 8b
0x00007fff972d137c:   4a 08 44 0f b7 4a 0c 4c 89 00 89 48 08 66 44 89
0x00007fff972d138c:   48 0c c3 0f b7 0a 44 0f b6 42 02 66 89 08 44 88
0x00007fff972d139c:   40 02 c3 90 4c 8b 02 8b 4a 08 44 0f b6 4a 0c 4c
0x00007fff972d13ac:   89 00 89 48 08 44 88 48 0c c3 4c 8b 02 0f b7 4a
0x00007fff972d13bc:   08 4c 89 00 66 89 48 08 c3 4c 8b 02 0f b6 4a 08
0x00007fff972d13cc:   4c 89 00 88 48 08 c3 4c 8b 02 8b 4a 08 4c 89 00
0x00007fff972d13dc:   89 48 08 c3 8b 0a 44 0f b7 42 04 89 08 66 44 89
0x00007fff972d13ec:   40 04 c3 8b 0a 44 0f b6 42 04 89 08 44 88 40 04
0x00007fff972d13fc:   c3 48 8b 0a 48 89 08 c3 0f b6 0a 88 08 c3 8b 0a
0x00007fff972d140c:   89 08 c3 90 49 83 f8 20 77 17 f3 0f 6f 0a f3 42
0x00007fff972d141c:   0f 6f 54 02 f0 f3 0f 7f 09 f3 42 0f 7f 54 01 f0
0x00007fff972d142c:   c3 48 3b d1 73 0e 4e 8d 0c 02 49 3b c9 0f 82 41
0x00007fff972d143c:   04 00 00 90 83 3d d1 4b 01 00 03 0f 82 e3 02 00
0x00007fff972d144c:   00 49 81 f8 00 20 00 00 76 16 49 81 f8 00 00 18
0x00007fff972d145c:   00 77 0d f6 05 56 4f 01 00 02 0f 85 64 fe ff ff
0x00007fff972d146c:   c5 fe 6f 02 c4 a1 7e 6f 6c 02 e0 49 81 f8 00 01
0x00007fff972d147c:   00 00 0f 86 c4 00 00 00 4c 8b c9 49 83 e1 1f 49
0x00007fff972d148c:   83 e9 20 49 2b c9 49 2b d1 4d 03 c1 49 81 f8 00
0x00007fff972d149c:   01 00 00 0f 86 a3 00 00 00 49 81 f8 00 00 18 00
0x00007fff972d14ac:   0f 87 3e 01 00 00 66 66 66 66 66 66 0f 1f 84 00
0x00007fff972d14bc:   00 00 00 00 c5 fe 6f 0a c5 fe 6f 52 20 c5 fe 6f
0x00007fff972d14cc:   5a 40 c5 fe 6f 62 60 c5 fd 7f 09 c5 fd 7f 51 20
0x00007fff972d14dc:   c5 fd 7f 59 40 c5 fd 7f 61 60 c5 fe 6f 8a 80 00
0x00007fff972d14ec:   00 00 c5 fe 6f 92 a0 00 00 00 c5 fe 6f 9a c0 00
0x00007fff972d14fc:   00 00 c5 fe 6f a2 e0 00 00 00 c5 fd 7f 89 80 00
0x00007fff972d150c:   00 00 c5 fd 7f 91 a0 00 00 00 c5 fd 7f 99 c0 00
0x00007fff972d151c:   00 00 c5 fd 7f a1 e0 00 00 00 48 81 c1 00 01 00
0x00007fff972d152c:   00 48 81 c2 00 01 00 00 49 81 e8 00 01 00 00 49
0x00007fff972d153c:   81 f8 00 01 00 00 0f 83 78 ff ff ff 4d 8d 48 1f
0x00007fff972d154c:   49 83 e1 e0 4d 8b d9 49 c1 eb 05 47 8b 9c 9a 40
0x00007fff972d155c:   80 01 00 4d 03 da 41 ff e3 c4 a1 7e 6f 8c 0a 00 


Stack slot to memory mapping:

stack at sp + 0 slots: 0x00007fff30301d7b jvm.dll
stack at sp + 1 slots: 0x00000000ffffffff is an unknown value
stack at sp + 2 slots: 0x000001a27bf36a50 points into unknown readable memory: 0x8d34440affff0000 | 00 00 ff ff 0a 44 34 8d
stack at sp + 3 slots: 0x00007fff3073a5f8 jvm.dll
stack at sp + 4 slots: 0x0 is null
stack at sp + 5 slots: 0x00007fff3073a5f8 jvm.dll
stack at sp + 6 slots: 0x00007fff303080a6 jvm.dll
stack at sp + 7 slots: 0x000001a27c770090 points into unknown readable memory: 0x00007fff304e3b78 | 78 3b 4e 30 ff 7f 00 00


---------------  P R O C E S S  ---------------

Threads class SMR info:
_java_thread_list=0x000001a27bf36a40, length=0, elements={

[error occurred during error reporting (printing all threads), id 0xc0000005, EXCEPTION_ACCESS_VIOLATION (0xc0000005) at pc=0x00007fff30301512]
VM state: not at safepoint (normal execution)

VM Mutex/Monitor currently owned by a thread:  ([mutex/lock_event])
[0x00007fff3073a5f8] Threads_lock - owner thread: 0x000001a27c770090

Heap address: 0x0000000704400000, size: 4028 MB, Compressed Oops mode: Zero based, Oop shift amount: 3

CDS archive(s) mapped at: [0x000001a236000000-0x000001a236c90000-0x000001a236c90000), size 13172736, SharedBaseAddress: 0x000001a236000000, ArchiveRelocationMode: 1.
Compressed class space mapped at: 0x000001a237000000-0x000001a277000000, reserved size: 1073741824
Narrow klass base: 0x000001a236000000, Narrow klass shift: 0, Narrow klass range: 0x100000000

GC Precious Log:
 CardTable entry size: 512
 Card Set container configuration: InlinePtr #cards 4 size 8 Array Of Cards #cards 16 size 48 Howl #buckets 8 coarsen threshold 3686 Howl Bitmap #cards 512 size 80 coarsen threshold 460 Card regions per heap region 1 cards per card region 4096
 CPUs: 20 total, 20 available
 Memory: 16108M
 Large Page Support: Disabled
 NUMA Support: Disabled
 Compressed Oops: Enabled (Zero based)
 Heap Region Size: 2M
 Heap Min Capacity: 8M
 Heap Initial Capacity: 252M
 Heap Max Capacity: 4028M
 Pre-touch: Disabled
 Parallel Workers: 15
 Concurrent Workers: 4
 Concurrent Refinement Workers: 15
 Periodic GC: Disabled

Heap:
 garbage-first heap   total 372736K, used 239863K [0x0000000704400000, 0x0000000800000000)
  region size 2048K, 41 young (83968K), 7 survivors (14336K)
 Metaspace       used 51555K, committed 52416K, reserved 1114112K
  class space    used 6426K, committed 6848K, reserved 1048576K

Heap Regions: E=young(eden), S=young(survivor), O=old, HS=humongous(starts), HC=humongous(continues), CS=collection set, F=free, TAMS=top-at-mark-start, PB=parsable bottom
|   0|0x0000000704400000, 0x0000000704600000, 0x0000000704600000|100%| O|  |TAMS 0x0000000704400000| PB 0x0000000704400000| Untracked 
|   1|0x0000000704600000, 0x0000000704800000, 0x0000000704800000|100%| O|  |TAMS 0x0000000704600000| PB 0x0000000704600000| Untracked 
|   2|0x0000000704800000, 0x0000000704a00000, 0x0000000704a00000|100%| O|  |TAMS 0x0000000704800000| PB 0x0000000704800000| Untracked 
|   3|0x0000000704a00000, 0x0000000704c00000, 0x0000000704c00000|100%| O|  |TAMS 0x0000000704a00000| PB 0x0000000704a00000| Untracked 
|   4|0x0000000704c00000, 0x0000000704e00000, 0x0000000704e00000|100%| O|  |TAMS 0x0000000704c00000| PB 0x0000000704c00000| Untracked 
|   5|0x0000000704e00000, 0x0000000705000000, 0x0000000705000000|100%| O|  |TAMS 0x0000000704e00000| PB 0x0000000704e00000| Untracked 
|   6|0x0000000705000000, 0x0000000705200000, 0x0000000705200000|100%| O|  |TAMS 0x0000000705000000| PB 0x0000000705000000| Untracked 
|   7|0x0000000705200000, 0x0000000705400000, 0x0000000705400000|100%| O|  |TAMS 0x0000000705200000| PB 0x0000000705200000| Untracked 
|   8|0x0000000705400000, 0x0000000705600000, 0x0000000705600000|100%| O|  |TAMS 0x0000000705400000| PB 0x0000000705400000| Untracked 
|   9|0x0000000705600000, 0x0000000705800000, 0x0000000705800000|100%| O|  |TAMS 0x0000000705600000| PB 0x0000000705600000| Untracked 
|  10|0x0000000705800000, 0x0000000705a00000, 0x0000000705a00000|100%| O|  |TAMS 0x0000000705800000| PB 0x0000000705800000| Untracked 
|  11|0x0000000705a00000, 0x0000000705c00000, 0x0000000705c00000|100%| O|  |TAMS 0x0000000705a00000| PB 0x0000000705a00000| Untracked 
|  12|0x0000000705c00000, 0x0000000705e00000, 0x0000000705e00000|100%| O|  |TAMS 0x0000000705c00000| PB 0x0000000705c00000| Untracked 
|  13|0x0000000705e00000, 0x0000000706000000, 0x0000000706000000|100%| O|  |TAMS 0x0000000705e00000| PB 0x0000000705e00000| Untracked 
|  14|0x0000000706000000, 0x0000000706200000, 0x0000000706200000|100%| O|  |TAMS 0x0000000706000000| PB 0x0000000706000000| Untracked 
|  15|0x0000000706200000, 0x0000000706400000, 0x0000000706400000|100%| O|  |TAMS 0x0000000706200000| PB 0x0000000706200000| Untracked 
|  16|0x0000000706400000, 0x0000000706600000, 0x0000000706600000|100%| O|  |TAMS 0x0000000706400000| PB 0x0000000706400000| Untracked 
|  17|0x0000000706600000, 0x0000000706800000, 0x0000000706800000|100%| O|  |TAMS 0x0000000706600000| PB 0x0000000706600000| Untracked 
|  18|0x0000000706800000, 0x0000000706a00000, 0x0000000706a00000|100%| O|  |TAMS 0x0000000706800000| PB 0x0000000706800000| Untracked 
|  19|0x0000000706a00000, 0x0000000706c00000, 0x0000000706c00000|100%| O|  |TAMS 0x0000000706a00000| PB 0x0000000706a00000| Untracked 
|  20|0x0000000706c00000, 0x0000000706e00000, 0x0000000706e00000|100%| O|  |TAMS 0x0000000706c00000| PB 0x0000000706c00000| Untracked 
|  21|0x0000000706e00000, 0x0000000707000000, 0x0000000707000000|100%| O|  |TAMS 0x0000000706e00000| PB 0x0000000706e00000| Untracked 
|  22|0x0000000707000000, 0x0000000707200000, 0x0000000707200000|100%| O|  |TAMS 0x0000000707000000| PB 0x0000000707000000| Untracked 
|  23|0x0000000707200000, 0x0000000707400000, 0x0000000707400000|100%| O|  |TAMS 0x0000000707200000| PB 0x0000000707200000| Untracked 
|  24|0x0000000707400000, 0x0000000707600000, 0x0000000707600000|100%| O|  |TAMS 0x0000000707400000| PB 0x0000000707400000| Untracked 
|  25|0x0000000707600000, 0x0000000707800000, 0x0000000707800000|100%| O|  |TAMS 0x0000000707600000| PB 0x0000000707600000| Untracked 
|  26|0x0000000707800000, 0x0000000707a00000, 0x0000000707a00000|100%| O|  |TAMS 0x0000000707800000| PB 0x0000000707800000| Untracked 
|  27|0x0000000707a00000, 0x0000000707c00000, 0x0000000707c00000|100%|HS|  |TAMS 0x0000000707a00000| PB 0x0000000707a00000| Complete 
|  28|0x0000000707c00000, 0x0000000707e00000, 0x0000000707e00000|100%| O|  |TAMS 0x0000000707c00000| PB 0x0000000707c00000| Untracked 
|  29|0x0000000707e00000, 0x0000000708000000, 0x0000000708000000|100%| O|  |TAMS 0x0000000707e00000| PB 0x0000000707e00000| Untracked 
|  30|0x0000000708000000, 0x0000000708200000, 0x0000000708200000|100%|HS|  |TAMS 0x0000000708000000| PB 0x0000000708000000| Complete 
|  31|0x0000000708200000, 0x0000000708400000, 0x0000000708400000|100%|HC|  |TAMS 0x0000000708200000| PB 0x0000000708200000| Complete 
|  32|0x0000000708400000, 0x0000000708600000, 0x0000000708600000|100%| O|  |TAMS 0x0000000708400000| PB 0x0000000708400000| Untracked 
|  33|0x0000000708600000, 0x0000000708800000, 0x0000000708800000|100%| O|  |TAMS 0x0000000708600000| PB 0x0000000708600000| Untracked 
|  34|0x0000000708800000, 0x0000000708a00000, 0x0000000708a00000|100%| O|  |TAMS 0x0000000708800000| PB 0x0000000708800000| Untracked 
|  35|0x0000000708a00000, 0x0000000708c00000, 0x0000000708c00000|100%| O|  |TAMS 0x0000000708a00000| PB 0x0000000708a00000| Untracked 
|  36|0x0000000708c00000, 0x0000000708e00000, 0x0000000708e00000|100%| O|  |TAMS 0x0000000708c00000| PB 0x0000000708c00000| Untracked 
|  37|0x0000000708e00000, 0x0000000709000000, 0x0000000709000000|100%| O|  |TAMS 0x0000000708e00000| PB 0x0000000708e00000| Untracked 
|  38|0x0000000709000000, 0x0000000709200000, 0x0000000709200000|100%| O|  |TAMS 0x0000000709000000| PB 0x0000000709000000| Untracked 
|  39|0x0000000709200000, 0x0000000709400000, 0x0000000709400000|100%| O|  |TAMS 0x0000000709200000| PB 0x0000000709200000| Untracked 
|  40|0x0000000709400000, 0x0000000709600000, 0x0000000709600000|100%| O|  |TAMS 0x0000000709400000| PB 0x0000000709400000| Untracked 
|  41|0x0000000709600000, 0x0000000709800000, 0x0000000709800000|100%| O|  |TAMS 0x0000000709600000| PB 0x0000000709600000| Untracked 
|  42|0x0000000709800000, 0x0000000709a00000, 0x0000000709a00000|100%| O|  |TAMS 0x0000000709800000| PB 0x0000000709800000| Untracked 
|  43|0x0000000709a00000, 0x0000000709c00000, 0x0000000709c00000|100%| O|  |TAMS 0x0000000709a00000| PB 0x0000000709a00000| Untracked 
|  44|0x0000000709c00000, 0x0000000709e00000, 0x0000000709e00000|100%| O|  |TAMS 0x0000000709c00000| PB 0x0000000709c00000| Untracked 
|  45|0x0000000709e00000, 0x000000070a000000, 0x000000070a000000|100%| O|  |TAMS 0x0000000709e00000| PB 0x0000000709e00000| Untracked 
|  46|0x000000070a000000, 0x000000070a200000, 0x000000070a200000|100%| O|  |TAMS 0x000000070a000000| PB 0x000000070a000000| Untracked 
|  47|0x000000070a200000, 0x000000070a400000, 0x000000070a400000|100%| O|  |TAMS 0x000000070a200000| PB 0x000000070a200000| Untracked 
|  48|0x000000070a400000, 0x000000070a600000, 0x000000070a600000|100%| O|  |TAMS 0x000000070a400000| PB 0x000000070a400000| Untracked 
|  49|0x000000070a600000, 0x000000070a800000, 0x000000070a800000|100%| O|  |TAMS 0x000000070a600000| PB 0x000000070a600000| Untracked 
|  50|0x000000070a800000, 0x000000070aa00000, 0x000000070aa00000|100%| O|  |TAMS 0x000000070a800000| PB 0x000000070a800000| Untracked 
|  51|0x000000070aa00000, 0x000000070ac00000, 0x000000070ac00000|100%| O|  |TAMS 0x000000070aa00000| PB 0x000000070aa00000| Untracked 
|  52|0x000000070ac00000, 0x000000070ae00000, 0x000000070ae00000|100%| O|  |TAMS 0x000000070ac00000| PB 0x000000070ac00000| Untracked 
|  53|0x000000070ae00000, 0x000000070b000000, 0x000000070b000000|100%| O|  |TAMS 0x000000070ae00000| PB 0x000000070ae00000| Untracked 
|  54|0x000000070b000000, 0x000000070b200000, 0x000000070b200000|100%| O|  |TAMS 0x000000070b000000| PB 0x000000070b000000| Untracked 
|  55|0x000000070b200000, 0x000000070b400000, 0x000000070b400000|100%| O|  |TAMS 0x000000070b200000| PB 0x000000070b200000| Untracked 
|  56|0x000000070b400000, 0x000000070b600000, 0x000000070b600000|100%| O|  |TAMS 0x000000070b400000| PB 0x000000070b400000| Untracked 
|  57|0x000000070b600000, 0x000000070b800000, 0x000000070b800000|100%| O|  |TAMS 0x000000070b600000| PB 0x000000070b600000| Untracked 
|  58|0x000000070b800000, 0x000000070ba00000, 0x000000070ba00000|100%| O|  |TAMS 0x000000070b800000| PB 0x000000070b800000| Untracked 
|  59|0x000000070ba00000, 0x000000070bc00000, 0x000000070bc00000|100%| O|  |TAMS 0x000000070ba00000| PB 0x000000070ba00000| Untracked 
|  60|0x000000070bc00000, 0x000000070be00000, 0x000000070be00000|100%| O|  |TAMS 0x000000070bc00000| PB 0x000000070bc00000| Untracked 
|  61|0x000000070be00000, 0x000000070c000000, 0x000000070c000000|100%| O|  |TAMS 0x000000070be00000| PB 0x000000070be00000| Untracked 
|  62|0x000000070c000000, 0x000000070c200000, 0x000000070c200000|100%| O|  |TAMS 0x000000070c000000| PB 0x000000070c000000| Untracked 
|  63|0x000000070c200000, 0x000000070c400000, 0x000000070c400000|100%| O|  |TAMS 0x000000070c200000| PB 0x000000070c200000| Untracked 
|  64|0x000000070c400000, 0x000000070c600000, 0x000000070c600000|100%| O|  |TAMS 0x000000070c400000| PB 0x000000070c400000| Untracked 
|  65|0x000000070c600000, 0x000000070c800000, 0x000000070c800000|100%| O|  |TAMS 0x000000070c600000| PB 0x000000070c600000| Untracked 
|  66|0x000000070c800000, 0x000000070ca00000, 0x000000070ca00000|100%| O|  |TAMS 0x000000070c800000| PB 0x000000070c800000| Untracked 
|  67|0x000000070ca00000, 0x000000070cc00000, 0x000000070cc00000|100%| O|  |TAMS 0x000000070ca00000| PB 0x000000070ca00000| Untracked 
|  68|0x000000070cc00000, 0x000000070ce00000, 0x000000070ce00000|100%| O|  |TAMS 0x000000070cc00000| PB 0x000000070cc00000| Untracked 
|  69|0x000000070ce00000, 0x000000070d000000, 0x000000070d000000|100%| O|  |TAMS 0x000000070ce00000| PB 0x000000070ce00000| Untracked 
|  70|0x000000070d000000, 0x000000070d200000, 0x000000070d200000|100%| O|  |TAMS 0x000000070d000000| PB 0x000000070d000000| Untracked 
|  71|0x000000070d200000, 0x000000070d400000, 0x000000070d400000|100%| O|  |TAMS 0x000000070d200000| PB 0x000000070d200000| Untracked 
|  72|0x000000070d400000, 0x000000070d600000, 0x000000070d600000|100%| O|  |TAMS 0x000000070d400000| PB 0x000000070d400000| Untracked 
|  73|0x000000070d600000, 0x000000070d800000, 0x000000070d800000|100%| O|  |TAMS 0x000000070d600000| PB 0x000000070d600000| Untracked 
|  74|0x000000070d800000, 0x000000070da00000, 0x000000070da00000|100%| O|  |TAMS 0x000000070d800000| PB 0x000000070d800000| Untracked 
|  75|0x000000070da00000, 0x000000070dc00000, 0x000000070dc00000|100%| O|  |TAMS 0x000000070da00000| PB 0x000000070da00000| Untracked 
|  76|0x000000070dc00000, 0x000000070dcae550, 0x000000070de00000| 34%| O|  |TAMS 0x000000070dc00000| PB 0x000000070dc00000| Untracked 
|  77|0x000000070de00000, 0x000000070de00000, 0x000000070e000000|  0%| F|  |TAMS 0x000000070de00000| PB 0x000000070de00000| Untracked 
|  78|0x000000070e000000, 0x000000070e000000, 0x000000070e200000|  0%| F|  |TAMS 0x000000070e000000| PB 0x000000070e000000| Untracked 
|  79|0x000000070e200000, 0x000000070e200000, 0x000000070e400000|  0%| F|  |TAMS 0x000000070e200000| PB 0x000000070e200000| Untracked 
|  80|0x000000070e400000, 0x000000070e400000, 0x000000070e600000|  0%| F|  |TAMS 0x000000070e400000| PB 0x000000070e400000| Untracked 
|  81|0x000000070e600000, 0x000000070e600000, 0x000000070e800000|  0%| F|  |TAMS 0x000000070e600000| PB 0x000000070e600000| Untracked 
|  82|0x000000070e800000, 0x000000070e800000, 0x000000070ea00000|  0%| F|  |TAMS 0x000000070e800000| PB 0x000000070e800000| Untracked 
|  83|0x000000070ea00000, 0x000000070ea00000, 0x000000070ec00000|  0%| F|  |TAMS 0x000000070ea00000| PB 0x000000070ea00000| Untracked 
|  84|0x000000070ec00000, 0x000000070ee00000, 0x000000070ee00000|100%| O|  |TAMS 0x000000070ec00000| PB 0x000000070ec00000| Untracked 
|  85|0x000000070ee00000, 0x000000070ee00000, 0x000000070f000000|  0%| F|  |TAMS 0x000000070ee00000| PB 0x000000070ee00000| Untracked 
|  86|0x000000070f000000, 0x000000070f000000, 0x000000070f200000|  0%| F|  |TAMS 0x000000070f000000| PB 0x000000070f000000| Untracked 
|  87|0x000000070f200000, 0x000000070f200000, 0x000000070f400000|  0%| F|  |TAMS 0x000000070f200000| PB 0x000000070f200000| Untracked 
|  88|0x000000070f400000, 0x000000070f400000, 0x000000070f600000|  0%| F|  |TAMS 0x000000070f400000| PB 0x000000070f400000| Untracked 
|  89|0x000000070f600000, 0x000000070f78fa70, 0x000000070f800000| 78%| S|CS|TAMS 0x000000070f600000| PB 0x000000070f600000| Complete 
|  90|0x000000070f800000, 0x000000070f800000, 0x000000070fa00000|  0%| F|  |TAMS 0x000000070f800000| PB 0x000000070f800000| Untracked 
|  91|0x000000070fa00000, 0x000000070fc00000, 0x000000070fc00000|100%| S|CS|TAMS 0x000000070fa00000| PB 0x000000070fa00000| Complete 
|  92|0x000000070fc00000, 0x000000070fe00000, 0x000000070fe00000|100%| S|CS|TAMS 0x000000070fc00000| PB 0x000000070fc00000| Complete 
|  93|0x000000070fe00000, 0x000000070fe00000, 0x0000000710000000|  0%| F|  |TAMS 0x000000070fe00000| PB 0x000000070fe00000| Untracked 
|  94|0x0000000710000000, 0x0000000710000000, 0x0000000710200000|  0%| F|  |TAMS 0x0000000710000000| PB 0x0000000710000000| Untracked 
|  95|0x0000000710200000, 0x0000000710200000, 0x0000000710400000|  0%| F|  |TAMS 0x0000000710200000| PB 0x0000000710200000| Untracked 
|  96|0x0000000710400000, 0x0000000710600000, 0x0000000710600000|100%| S|CS|TAMS 0x0000000710400000| PB 0x0000000710400000| Complete 
|  97|0x0000000710600000, 0x0000000710800000, 0x0000000710800000|100%| S|CS|TAMS 0x0000000710600000| PB 0x0000000710600000| Complete 
|  98|0x0000000710800000, 0x0000000710800000, 0x0000000710a00000|  0%| F|  |TAMS 0x0000000710800000| PB 0x0000000710800000| Untracked 
|  99|0x0000000710a00000, 0x0000000710a00000, 0x0000000710c00000|  0%| F|  |TAMS 0x0000000710a00000| PB 0x0000000710a00000| Untracked 
| 100|0x0000000710c00000, 0x0000000710e00000, 0x0000000710e00000|100%| S|CS|TAMS 0x0000000710c00000| PB 0x0000000710c00000| Complete 
| 101|0x0000000710e00000, 0x0000000711000000, 0x0000000711000000|100%| S|CS|TAMS 0x0000000710e00000| PB 0x0000000710e00000| Complete 
| 102|0x0000000711000000, 0x0000000711000000, 0x0000000711200000|  0%| F|  |TAMS 0x0000000711000000| PB 0x0000000711000000| Untracked 
| 103|0x0000000711200000, 0x0000000711200000, 0x0000000711400000|  0%| F|  |TAMS 0x0000000711200000| PB 0x0000000711200000| Untracked 
| 104|0x0000000711400000, 0x0000000711400000, 0x0000000711600000|  0%| F|  |TAMS 0x0000000711400000| PB 0x0000000711400000| Untracked 
| 105|0x0000000711600000, 0x0000000711600000, 0x0000000711800000|  0%| F|  |TAMS 0x0000000711600000| PB 0x0000000711600000| Untracked 
| 106|0x0000000711800000, 0x0000000711800000, 0x0000000711a00000|  0%| F|  |TAMS 0x0000000711800000| PB 0x0000000711800000| Untracked 
| 107|0x0000000711a00000, 0x0000000711a00000, 0x0000000711c00000|  0%| F|  |TAMS 0x0000000711a00000| PB 0x0000000711a00000| Untracked 
| 108|0x0000000711c00000, 0x0000000711c00000, 0x0000000711e00000|  0%| F|  |TAMS 0x0000000711c00000| PB 0x0000000711c00000| Untracked 
| 109|0x0000000711e00000, 0x0000000711e00000, 0x0000000712000000|  0%| F|  |TAMS 0x0000000711e00000| PB 0x0000000711e00000| Untracked 
| 110|0x0000000712000000, 0x0000000712000000, 0x0000000712200000|  0%| F|  |TAMS 0x0000000712000000| PB 0x0000000712000000| Untracked 
| 111|0x0000000712200000, 0x0000000712200000, 0x0000000712400000|  0%| F|  |TAMS 0x0000000712200000| PB 0x0000000712200000| Untracked 
| 112|0x0000000712400000, 0x0000000712400000, 0x0000000712600000|  0%| F|  |TAMS 0x0000000712400000| PB 0x0000000712400000| Untracked 
| 113|0x0000000712600000, 0x0000000712600000, 0x0000000712800000|  0%| F|  |TAMS 0x0000000712600000| PB 0x0000000712600000| Untracked 
| 114|0x0000000712800000, 0x0000000712800000, 0x0000000712a00000|  0%| F|  |TAMS 0x0000000712800000| PB 0x0000000712800000| Untracked 
| 115|0x0000000712a00000, 0x0000000712a00000, 0x0000000712c00000|  0%| F|  |TAMS 0x0000000712a00000| PB 0x0000000712a00000| Untracked 
| 116|0x0000000712c00000, 0x0000000712c00000, 0x0000000712e00000|  0%| F|  |TAMS 0x0000000712c00000| PB 0x0000000712c00000| Untracked 
| 117|0x0000000712e00000, 0x0000000712e00000, 0x0000000713000000|  0%| F|  |TAMS 0x0000000712e00000| PB 0x0000000712e00000| Untracked 
| 118|0x0000000713000000, 0x0000000713000000, 0x0000000713200000|  0%| F|  |TAMS 0x0000000713000000| PB 0x0000000713000000| Untracked 
| 119|0x0000000713200000, 0x0000000713200000, 0x0000000713400000|  0%| F|  |TAMS 0x0000000713200000| PB 0x0000000713200000| Untracked 
| 120|0x0000000713400000, 0x0000000713400000, 0x0000000713600000|  0%| F|  |TAMS 0x0000000713400000| PB 0x0000000713400000| Untracked 
| 121|0x0000000713600000, 0x0000000713600000, 0x0000000713800000|  0%| F|  |TAMS 0x0000000713600000| PB 0x0000000713600000| Untracked 
| 122|0x0000000713800000, 0x0000000713800000, 0x0000000713a00000|  0%| F|  |TAMS 0x0000000713800000| PB 0x0000000713800000| Untracked 
| 123|0x0000000713a00000, 0x0000000713a00000, 0x0000000713c00000|  0%| F|  |TAMS 0x0000000713a00000| PB 0x0000000713a00000| Untracked 
| 124|0x0000000713c00000, 0x0000000713c00000, 0x0000000713e00000|  0%| F|  |TAMS 0x0000000713c00000| PB 0x0000000713c00000| Untracked 
| 125|0x0000000713e00000, 0x0000000713e00000, 0x0000000714000000|  0%| F|  |TAMS 0x0000000713e00000| PB 0x0000000713e00000| Untracked 
| 126|0x0000000714000000, 0x0000000714000000, 0x0000000714200000|  0%| F|  |TAMS 0x0000000714000000| PB 0x0000000714000000| Untracked 
| 127|0x0000000714200000, 0x0000000714200000, 0x0000000714400000|  0%| F|  |TAMS 0x0000000714200000| PB 0x0000000714200000| Untracked 
| 128|0x0000000714400000, 0x0000000714400000, 0x0000000714600000|  0%| F|  |TAMS 0x0000000714400000| PB 0x0000000714400000| Untracked 
| 129|0x0000000714600000, 0x0000000714600000, 0x0000000714800000|  0%| F|  |TAMS 0x0000000714600000| PB 0x0000000714600000| Untracked 
| 130|0x0000000714800000, 0x0000000714800000, 0x0000000714a00000|  0%| F|  |TAMS 0x0000000714800000| PB 0x0000000714800000| Untracked 
| 131|0x0000000714a00000, 0x0000000714a00000, 0x0000000714c00000|  0%| F|  |TAMS 0x0000000714a00000| PB 0x0000000714a00000| Untracked 
| 132|0x0000000714c00000, 0x0000000714c00000, 0x0000000714e00000|  0%| F|  |TAMS 0x0000000714c00000| PB 0x0000000714c00000| Untracked 
| 133|0x0000000714e00000, 0x0000000714e00000, 0x0000000715000000|  0%| F|  |TAMS 0x0000000714e00000| PB 0x0000000714e00000| Untracked 
| 134|0x0000000715000000, 0x0000000715000000, 0x0000000715200000|  0%| F|  |TAMS 0x0000000715000000| PB 0x0000000715000000| Untracked 
| 135|0x0000000715200000, 0x0000000715200000, 0x0000000715400000|  0%| F|  |TAMS 0x0000000715200000| PB 0x0000000715200000| Untracked 
| 136|0x0000000715400000, 0x0000000715400000, 0x0000000715600000|  0%| F|  |TAMS 0x0000000715400000| PB 0x0000000715400000| Untracked 
| 137|0x0000000715600000, 0x0000000715600000, 0x0000000715800000|  0%| F|  |TAMS 0x0000000715600000| PB 0x0000000715600000| Untracked 
| 138|0x0000000715800000, 0x0000000715800000, 0x0000000715a00000|  0%| F|  |TAMS 0x0000000715800000| PB 0x0000000715800000| Untracked 
| 139|0x0000000715a00000, 0x0000000715a00000, 0x0000000715c00000|  0%| F|  |TAMS 0x0000000715a00000| PB 0x0000000715a00000| Untracked 
| 140|0x0000000715c00000, 0x0000000715c00000, 0x0000000715e00000|  0%| F|  |TAMS 0x0000000715c00000| PB 0x0000000715c00000| Untracked 
| 141|0x0000000715e00000, 0x0000000715e00000, 0x0000000716000000|  0%| F|  |TAMS 0x0000000715e00000| PB 0x0000000715e00000| Untracked 
| 142|0x0000000716000000, 0x0000000716000000, 0x0000000716200000|  0%| F|  |TAMS 0x0000000716000000| PB 0x0000000716000000| Untracked 
| 143|0x0000000716200000, 0x0000000716200000, 0x0000000716400000|  0%| F|  |TAMS 0x0000000716200000| PB 0x0000000716200000| Untracked 
| 144|0x0000000716400000, 0x0000000716400000, 0x0000000716600000|  0%| F|  |TAMS 0x0000000716400000| PB 0x0000000716400000| Untracked 
| 145|0x0000000716600000, 0x0000000716600000, 0x0000000716800000|  0%| F|  |TAMS 0x0000000716600000| PB 0x0000000716600000| Untracked 
| 146|0x0000000716800000, 0x0000000716800000, 0x0000000716a00000|  0%| F|  |TAMS 0x0000000716800000| PB 0x0000000716800000| Untracked 
| 147|0x0000000716a00000, 0x0000000716bb4068, 0x0000000716c00000| 85%| E|  |TAMS 0x0000000716a00000| PB 0x0000000716a00000| Complete 
| 148|0x0000000716c00000, 0x0000000716e00000, 0x0000000716e00000|100%| E|CS|TAMS 0x0000000716c00000| PB 0x0000000716c00000| Complete 
| 149|0x0000000716e00000, 0x0000000717000000, 0x0000000717000000|100%| E|CS|TAMS 0x0000000716e00000| PB 0x0000000716e00000| Complete 
| 150|0x0000000717000000, 0x0000000717200000, 0x0000000717200000|100%| E|CS|TAMS 0x0000000717000000| PB 0x0000000717000000| Complete 
| 151|0x0000000717200000, 0x0000000717400000, 0x0000000717400000|100%| E|CS|TAMS 0x0000000717200000| PB 0x0000000717200000| Complete 
| 152|0x0000000717400000, 0x0000000717600000, 0x0000000717600000|100%| E|CS|TAMS 0x0000000717400000| PB 0x0000000717400000| Complete 
| 153|0x0000000717600000, 0x0000000717800000, 0x0000000717800000|100%| E|CS|TAMS 0x0000000717600000| PB 0x0000000717600000| Complete 
| 154|0x0000000717800000, 0x0000000717a00000, 0x0000000717a00000|100%| E|CS|TAMS 0x0000000717800000| PB 0x0000000717800000| Complete 
| 155|0x0000000717a00000, 0x0000000717c00000, 0x0000000717c00000|100%| E|CS|TAMS 0x0000000717a00000| PB 0x0000000717a00000| Complete 
| 156|0x0000000717c00000, 0x0000000717e00000, 0x0000000717e00000|100%| E|CS|TAMS 0x0000000717c00000| PB 0x0000000717c00000| Complete 
| 157|0x0000000717e00000, 0x0000000718000000, 0x0000000718000000|100%| E|CS|TAMS 0x0000000717e00000| PB 0x0000000717e00000| Complete 
| 158|0x0000000718000000, 0x0000000718200000, 0x0000000718200000|100%| E|CS|TAMS 0x0000000718000000| PB 0x0000000718000000| Complete 
| 159|0x0000000718200000, 0x0000000718400000, 0x0000000718400000|100%| E|CS|TAMS 0x0000000718200000| PB 0x0000000718200000| Complete 
| 160|0x0000000718400000, 0x0000000718600000, 0x0000000718600000|100%| E|CS|TAMS 0x0000000718400000| PB 0x0000000718400000| Complete 
| 161|0x0000000718600000, 0x0000000718800000, 0x0000000718800000|100%| E|CS|TAMS 0x0000000718600000| PB 0x0000000718600000| Complete 
| 162|0x0000000718800000, 0x0000000718a00000, 0x0000000718a00000|100%| E|  |TAMS 0x0000000718800000| PB 0x0000000718800000| Complete 
| 163|0x0000000718a00000, 0x0000000718c00000, 0x0000000718c00000|100%| E|CS|TAMS 0x0000000718a00000| PB 0x0000000718a00000| Complete 
| 164|0x0000000718c00000, 0x0000000718e00000, 0x0000000718e00000|100%| E|CS|TAMS 0x0000000718c00000| PB 0x0000000718c00000| Complete 
| 165|0x0000000718e00000, 0x0000000719000000, 0x0000000719000000|100%| E|CS|TAMS 0x0000000718e00000| PB 0x0000000718e00000| Complete 
| 166|0x0000000719000000, 0x0000000719200000, 0x0000000719200000|100%| E|CS|TAMS 0x0000000719000000| PB 0x0000000719000000| Complete 
| 167|0x0000000719200000, 0x0000000719400000, 0x0000000719400000|100%| E|CS|TAMS 0x0000000719200000| PB 0x0000000719200000| Complete 
| 168|0x0000000719400000, 0x0000000719600000, 0x0000000719600000|100%| E|CS|TAMS 0x0000000719400000| PB 0x0000000719400000| Complete 
| 169|0x0000000719600000, 0x0000000719800000, 0x0000000719800000|100%| E|CS|TAMS 0x0000000719600000| PB 0x0000000719600000| Complete 
| 170|0x0000000719800000, 0x0000000719a00000, 0x0000000719a00000|100%| E|CS|TAMS 0x0000000719800000| PB 0x0000000719800000| Complete 
| 171|0x0000000719a00000, 0x0000000719c00000, 0x0000000719c00000|100%| E|CS|TAMS 0x0000000719a00000| PB 0x0000000719a00000| Complete 
| 172|0x0000000719c00000, 0x0000000719e00000, 0x0000000719e00000|100%| E|CS|TAMS 0x0000000719c00000| PB 0x0000000719c00000| Complete 
| 173|0x0000000719e00000, 0x000000071a000000, 0x000000071a000000|100%| E|CS|TAMS 0x0000000719e00000| PB 0x0000000719e00000| Complete 
| 174|0x000000071a000000, 0x000000071a200000, 0x000000071a200000|100%| E|CS|TAMS 0x000000071a000000| PB 0x000000071a000000| Complete 
| 175|0x000000071a200000, 0x000000071a400000, 0x000000071a400000|100%| E|CS|TAMS 0x000000071a200000| PB 0x000000071a200000| Complete 
| 176|0x000000071a400000, 0x000000071a600000, 0x000000071a600000|100%| E|CS|TAMS 0x000000071a400000| PB 0x000000071a400000| Complete 
| 177|0x000000071a600000, 0x000000071a800000, 0x000000071a800000|100%| E|CS|TAMS 0x000000071a600000| PB 0x000000071a600000| Complete 
| 178|0x000000071a800000, 0x000000071aa00000, 0x000000071aa00000|100%| E|CS|TAMS 0x000000071a800000| PB 0x000000071a800000| Complete 
|2011|0x00000007ffa00000, 0x00000007ffc00000, 0x00000007ffc00000|100%| O|  |TAMS 0x00000007ffa00000| PB 0x00000007ffa00000| Untracked 
|2012|0x00000007ffc00000, 0x00000007ffe00000, 0x00000007ffe00000|100%| E|CS|TAMS 0x00000007ffc00000| PB 0x00000007ffc00000| Complete 
|2013|0x00000007ffe00000, 0x0000000800000000, 0x0000000800000000|100%| E|CS|TAMS 0x00000007ffe00000| PB 0x00000007ffe00000| Complete 

Card table byte_map: [0x000001a22dab0000,0x000001a22e290000] _byte_map_base: 0x000001a22a28e000

Marking Bits: (CMBitMap*) 0x000001a215453c00
 Bits: [0x000001a22e290000, 0x000001a232180000)

Polling page: 0x000001a2132d0000

Metaspace:

Usage:
  Non-class:     44.07 MB used.
      Class:      6.28 MB used.
       Both:     50.35 MB used.

Virtual space:
  Non-class space:       64.00 MB reserved,      44.50 MB ( 70%) committed,  1 nodes.
      Class space:        1.00 GB reserved,       6.69 MB ( <1%) committed,  1 nodes.
             Both:        1.06 GB reserved,      51.19 MB (  5%) committed. 

Chunk freelists:
   Non-Class:  2.97 MB
       Class:  9.29 MB
        Both:  12.26 MB

MaxMetaspaceSize: unlimited
CompressedClassSpaceSize: 1.00 GB
Initial GC threshold: 21.00 MB
Current GC threshold: 85.31 MB
CDS: on
 - commit_granule_bytes: 65536.
 - commit_granule_words: 8192.
 - virtual_space_node_default_size: 8388608.
 - enlarge_chunks_in_place: 1.
 - use_allocation_guard: 0.


Internal statistics:

num_allocs_failed_limit: 6.
num_arena_births: 2078.
num_arena_deaths: 748.
num_vsnodes_births: 2.
num_vsnodes_deaths: 0.
num_space_committed: 819.
num_space_uncommitted: 0.
num_chunks_returned_to_freelist: 938.
num_chunks_taken_from_freelist: 4237.
num_chunk_merges: 294.
num_chunk_splits: 2343.
num_chunks_enlarged: 1217.
num_inconsistent_stats: 0.

CodeHeap 'non-profiled nmethods': size=119168Kb used=20127Kb max_used=20465Kb free=99040Kb
 bounds [0x000001a2253d0000, 0x000001a2267f0000, 0x000001a22c830000]
CodeHeap 'profiled nmethods': size=119104Kb used=18694Kb max_used=24458Kb free=100409Kb
 bounds [0x000001a21d830000, 0x000001a21f020000, 0x000001a224c80000]
CodeHeap 'non-nmethods': size=7488Kb used=2345Kb max_used=4092Kb free=5143Kb
 bounds [0x000001a224c80000, 0x000001a225090000, 0x000001a2253d0000]
 total_blobs=12505 nmethods=11266 adapters=1142
 compilation: enabled
              stopped_count=0, restarted_count=0
 full_count=0

Compilation events (20 events):
Event: 9891.815 Thread 0x000001a23536e810 nmethod 26316 0x000001a2267cc590 code [0x000001a2267cd3a0, 0x000001a2267da110]
Event: 9896.248 Thread 0x000001a23536e810 26317       4       com.sun.javafx.scene.control.SelectedCellsMap$$Lambda/0x000001a237229ad8::compare (12 bytes)
Event: 9896.250 Thread 0x000001a23536e810 nmethod 26317 0x000001a226108710 code [0x000001a2261088a0, 0x000001a2261089c8]
Event: 9902.050 Thread 0x000001a23537dba0 26318       3       sun.rmi.transport.DGCImpl::checkInput (149 bytes)
Event: 9902.051 Thread 0x000001a23537dba0 nmethod 26318 0x000001a21dfae210 code [0x000001a21dfae460, 0x000001a21dfaec78]
Event: 9912.769 Thread 0x000001a23536e810 26319       4       com.sun.org.apache.xerces.internal.impl.XMLScanner::init (91 bytes)
Event: 9912.794 Thread 0x000001a23536e810 nmethod 26319 0x000001a225deb490 code [0x000001a225deb6e0, 0x000001a225dec900]
Event: 9916.302 Thread 0x000001a23536e810 26320   !   4       javafx.collections.ModifiableObservableListBase::addAll (63 bytes)
Event: 9916.311 Thread 0x000001a23536e810 nmethod 26320 0x000001a225856110 code [0x000001a225856340, 0x000001a225856bb8]
Event: 9932.828 Thread 0x000001a23536e810 26321       4       kst4contest.view.Kst4ContestApplication::updateTopCandidateButton (131 bytes)
Event: 9932.874 Thread 0x000001a23536e810 nmethod 26321 0x000001a225910690 code [0x000001a225910a00, 0x000001a225912bc8]
Event: 9961.165 Thread 0x000001a23536e810 26322       4       kst4contest.view.map.PathObstructionSummary::hasDominantLosObstruction (42 bytes)
Event: 9961.166 Thread 0x000001a23536e810 nmethod 26322 0x000001a225deb090 code [0x000001a225deb260, 0x000001a225deb390]
Event: 10000.148 Thread 0x000001a23536e810 26323       4       kst4contest.view.map.PathHorizonSummary::hasTargetTerrainHorizon (43 bytes)
Event: 10000.149 Thread 0x000001a23536e810 nmethod 26323 0x000001a225deac90 code [0x000001a225deae60, 0x000001a225deaf78]
Event: 10052.797 Thread 0x000001a23536e810 26324       4       com.sun.org.apache.xerces.internal.impl.XMLDocumentFragmentScannerImpl::scanDocument (346 bytes)
Event: 10052.810 Thread 0x000001a23536e810 nmethod 26324 0x000001a2260a7690 code [0x000001a2260a7900, 0x000001a2260a8288]
Event: 10118.529 Thread 0x000001a23537dba0 26325       3       javafx.scene.layout.GridPane::getColumnPrefWidth (36 bytes)
Event: 10118.530 Thread 0x000001a23537dba0 nmethod 26325 0x000001a21ec7c890 code [0x000001a21ec7cae0, 0x000001a21ec7d240]
Event: 10119.189 Thread 0x000001a23536e810 26326       4       javafx.scene.Node::disabledPropertyImpl (24 bytes)

GC Heap History (20 events):
Event: 10005.159 GC heap before
{Heap before GC invocations=1169 (full 0):
 garbage-first heap   total 372736K, used 337764K [0x0000000704400000, 0x0000000800000000)
  region size 2048K, 87 young (178176K), 6 survivors (12288K)
 Metaspace       used 51542K, committed 52416K, reserved 1114112K
  class space    used 6424K, committed 6848K, reserved 1048576K
}
Event: 10005.167 GC heap after
{Heap after GC invocations=1170 (full 0):
 garbage-first heap   total 372736K, used 171663K [0x0000000704400000, 0x0000000800000000)
  region size 2048K, 6 young (12288K), 6 survivors (12288K)
 Metaspace       used 51542K, committed 52416K, reserved 1114112K
  class space    used 6424K, committed 6848K, reserved 1048576K
}
Event: 10017.156 GC heap before
{Heap before GC invocations=1170 (full 0):
 garbage-first heap   total 372736K, used 337551K [0x0000000704400000, 0x0000000800000000)
  region size 2048K, 87 young (178176K), 6 survivors (12288K)
 Metaspace       used 51542K, committed 52416K, reserved 1114112K
  class space    used 6424K, committed 6848K, reserved 1048576K
}
Event: 10017.162 GC heap after
{Heap after GC invocations=1171 (full 0):
 garbage-first heap   total 372736K, used 173290K [0x0000000704400000, 0x0000000800000000)
  region size 2048K, 7 young (14336K), 7 survivors (14336K)
 Metaspace       used 51542K, committed 52416K, reserved 1114112K
  class space    used 6424K, committed 6848K, reserved 1048576K
}
Event: 10034.868 GC heap before
{Heap before GC invocations=1171 (full 0):
 garbage-first heap   total 372736K, used 335082K [0x0000000704400000, 0x0000000800000000)
  region size 2048K, 86 young (176128K), 7 survivors (14336K)
 Metaspace       used 51542K, committed 52416K, reserved 1114112K
  class space    used 6424K, committed 6848K, reserved 1048576K
}
Event: 10034.875 GC heap after
{Heap after GC invocations=1172 (full 0):
 garbage-first heap   total 372736K, used 171598K [0x0000000704400000, 0x0000000800000000)
  region size 2048K, 6 young (12288K), 6 survivors (12288K)
 Metaspace       used 51542K, committed 52416K, reserved 1114112K
  class space    used 6424K, committed 6848K, reserved 1048576K
}
Event: 10044.146 GC heap before
{Heap before GC invocations=1172 (full 0):
 garbage-first heap   total 372736K, used 337486K [0x0000000704400000, 0x0000000800000000)
  region size 2048K, 87 young (178176K), 6 survivors (12288K)
 Metaspace       used 51542K, committed 52416K, reserved 1114112K
  class space    used 6424K, committed 6848K, reserved 1048576K
}
Event: 10044.151 GC heap after
{Heap after GC invocations=1173 (full 0):
 garbage-first heap   total 372736K, used 171897K [0x0000000704400000, 0x0000000800000000)
  region size 2048K, 6 young (12288K), 6 survivors (12288K)
 Metaspace       used 51542K, committed 52416K, reserved 1114112K
  class space    used 6424K, committed 6848K, reserved 1048576K
}
Event: 10059.342 GC heap before
{Heap before GC invocations=1173 (full 0):
 garbage-first heap   total 372736K, used 335737K [0x0000000704400000, 0x0000000800000000)
  region size 2048K, 87 young (178176K), 6 survivors (12288K)
 Metaspace       used 51542K, committed 52416K, reserved 1114112K
  class space    used 6424K, committed 6848K, reserved 1048576K
}
Event: 10059.351 GC heap after
{Heap after GC invocations=1174 (full 0):
 garbage-first heap   total 372736K, used 171902K [0x0000000704400000, 0x0000000800000000)
  region size 2048K, 6 young (12288K), 6 survivors (12288K)
 Metaspace       used 51542K, committed 52416K, reserved 1114112K
  class space    used 6424K, committed 6848K, reserved 1048576K
}
Event: 10068.160 GC heap before
{Heap before GC invocations=1174 (full 0):
 garbage-first heap   total 372736K, used 335742K [0x0000000704400000, 0x0000000800000000)
  region size 2048K, 87 young (178176K), 6 survivors (12288K)
 Metaspace       used 51542K, committed 52416K, reserved 1114112K
  class space    used 6424K, committed 6848K, reserved 1048576K
}
Event: 10068.170 GC heap after
{Heap after GC invocations=1175 (full 0):
 garbage-first heap   total 372736K, used 172017K [0x0000000704400000, 0x0000000800000000)
  region size 2048K, 6 young (12288K), 6 survivors (12288K)
 Metaspace       used 51542K, committed 52416K, reserved 1114112K
  class space    used 6424K, committed 6848K, reserved 1048576K
}
Event: 10077.140 GC heap before
{Heap before GC invocations=1175 (full 0):
 garbage-first heap   total 372736K, used 335857K [0x0000000704400000, 0x0000000800000000)
  region size 2048K, 87 young (178176K), 6 survivors (12288K)
 Metaspace       used 51542K, committed 52416K, reserved 1114112K
  class space    used 6424K, committed 6848K, reserved 1048576K
}
Event: 10077.152 GC heap after
{Heap after GC invocations=1176 (full 0):
 garbage-first heap   total 372736K, used 170954K [0x0000000704400000, 0x0000000800000000)
  region size 2048K, 6 young (12288K), 6 survivors (12288K)
 Metaspace       used 51542K, committed 52416K, reserved 1114112K
  class space    used 6424K, committed 6848K, reserved 1048576K
}
Event: 10087.378 GC heap before
{Heap before GC invocations=1176 (full 0):
 garbage-first heap   total 372736K, used 336842K [0x0000000704400000, 0x0000000800000000)
  region size 2048K, 87 young (178176K), 6 survivors (12288K)
 Metaspace       used 51542K, committed 52416K, reserved 1114112K
  class space    used 6424K, committed 6848K, reserved 1048576K
}
Event: 10087.397 GC heap after
{Heap after GC invocations=1177 (full 0):
 garbage-first heap   total 372736K, used 171205K [0x0000000704400000, 0x0000000800000000)
  region size 2048K, 6 young (12288K), 6 survivors (12288K)
 Metaspace       used 51542K, committed 52416K, reserved 1114112K
  class space    used 6424K, committed 6848K, reserved 1048576K
}
Event: 10096.614 GC heap before
{Heap before GC invocations=1177 (full 0):
 garbage-first heap   total 372736K, used 335045K [0x0000000704400000, 0x0000000800000000)
  region size 2048K, 87 young (178176K), 6 survivors (12288K)
 Metaspace       used 51542K, committed 52416K, reserved 1114112K
  class space    used 6424K, committed 6848K, reserved 1048576K
}
Event: 10096.628 GC heap after
{Heap after GC invocations=1178 (full 0):
 garbage-first heap   total 372736K, used 173257K [0x0000000704400000, 0x0000000800000000)
  region size 2048K, 7 young (14336K), 7 survivors (14336K)
 Metaspace       used 51542K, committed 52416K, reserved 1114112K
  class space    used 6424K, committed 6848K, reserved 1048576K
}
Event: 10113.155 GC heap before
{Heap before GC invocations=1178 (full 0):
 garbage-first heap   total 372736K, used 333001K [0x0000000704400000, 0x0000000800000000)
  region size 2048K, 86 young (176128K), 7 survivors (14336K)
 Metaspace       used 51542K, committed 52416K, reserved 1114112K
  class space    used 6424K, committed 6848K, reserved 1048576K
}
Event: 10113.166 GC heap after
{Heap after GC invocations=1179 (full 0):
 garbage-first heap   total 372736K, used 174327K [0x0000000704400000, 0x0000000800000000)
  region size 2048K, 7 young (14336K), 7 survivors (14336K)
 Metaspace       used 51542K, committed 52416K, reserved 1114112K
  class space    used 6424K, committed 6848K, reserved 1048576K
}

Dll operation events (20 events):
Event: 1.514 Loaded shared library C:\Users\prakt\.openjfx\cache\21.0.5+1\amd64\api-ms-win-crt-process-l1-1-0.dll
Event: 1.520 Loaded shared library C:\Users\prakt\.openjfx\cache\21.0.5+1\amd64\api-ms-win-crt-runtime-l1-1-0.dll
Event: 1.526 Loaded shared library C:\Users\prakt\.openjfx\cache\21.0.5+1\amd64\api-ms-win-crt-stdio-l1-1-0.dll
Event: 1.535 Loaded shared library C:\Users\prakt\.openjfx\cache\21.0.5+1\amd64\api-ms-win-crt-string-l1-1-0.dll
Event: 1.542 Loaded shared library C:\Users\prakt\.openjfx\cache\21.0.5+1\amd64\api-ms-win-crt-time-l1-1-0.dll
Event: 1.548 Loaded shared library C:\Users\prakt\.openjfx\cache\21.0.5+1\amd64\api-ms-win-crt-utility-l1-1-0.dll
Event: 1.577 Loaded shared library C:\Users\prakt\.openjfx\cache\21.0.5+1\amd64\ucrtbase.dll
Event: 1.584 Loaded shared library C:\Users\prakt\.openjfx\cache\21.0.5+1\amd64\vcruntime140.dll
Event: 1.591 Loaded shared library C:\Users\prakt\.openjfx\cache\21.0.5+1\amd64\vcruntime140_1.dll
Event: 1.611 Loaded shared library C:\Users\prakt\.openjfx\cache\21.0.5+1\amd64\msvcp140.dll
Event: 1.619 Loaded shared library C:\Users\prakt\.openjfx\cache\21.0.5+1\amd64\msvcp140_1.dll
Event: 1.629 Loaded shared library C:\Users\prakt\.openjfx\cache\21.0.5+1\amd64\msvcp140_2.dll
Event: 1.817 Loaded shared library C:\Users\prakt\.openjfx\cache\21.0.5+1\amd64\prism_d3d.dll
Event: 2.279 Loaded shared library C:\Users\prakt\.openjfx\cache\21.0.5+1\amd64\glass.dll
Event: 2.697 Loaded shared library C:\Users\prakt\.openjfx\cache\21.0.5+1\amd64\javafx_font.dll
Event: 3.858 Loaded shared library C:\Users\prakt\.jdks\openjdk-21.0.1\bin\sunmscapi.dll
Event: 4.683 Loaded shared library C:\Users\prakt\.jdks\openjdk-21.0.1\bin\verify.dll
Event: 5.058 Loaded shared library C:\Users\prakt\AppData\Local\Temp\sqlite-3.43.2.2-fc42fa49-3dcf-45c4-8b9b-c5967d4cb394-sqlitejdbc.dll
Event: 50.881 Loaded shared library C:\Users\prakt\.jdks\openjdk-21.0.1\bin\jsound.dll
Event: 5961.271 Loaded shared library C:\Users\prakt\.openjfx\cache\21.0.5+1\amd64\jfxwebkit.dll

Deoptimization events (20 events):
Event: 10119.188 Thread 0x000001a2065a1970 Uncommon trap: trap_request=0xffffff45 fr.pc=0x000001a225d092f8 relative=0x0000000000000058
Event: 10119.188 Thread 0x000001a2065a1970 Uncommon trap: reason=unstable_if action=reinterpret pc=0x000001a225d092f8 method=java.lang.Thread.getAndClearInterrupt()Z @ 6 c2
Event: 10119.188 Thread 0x000001a2065a1970 DEOPT PACKING pc=0x000001a225d092f8 sp=0x0000004d914fee20
Event: 10119.188 Thread 0x000001a2065a1970 DEOPT UNPACKING pc=0x000001a224cd46a2 sp=0x0000004d914fed58 mode 2
Event: 10119.188 Thread 0x000001a27c76a4b0 Uncommon trap: trap_request=0xffffff45 fr.pc=0x000001a225f2e3f0 relative=0x0000000000003b30
Event: 10119.188 Thread 0x000001a2065a1970 Uncommon trap: trap_request=0xffffff45 fr.pc=0x000001a225a2c9c0 relative=0x0000000000000980
Event: 10119.188 Thread 0x000001a2065a1970 Uncommon trap: reason=unstable_if action=reinterpret pc=0x000001a225a2c9c0 method=java.util.concurrent.ThreadPoolExecutor.runStateAtLeast(II)Z @ 2 c2
Event: 10119.188 Thread 0x000001a2065a1970 DEOPT PACKING pc=0x000001a225a2c9c0 sp=0x0000004d914feef0
Event: 10119.188 Thread 0x000001a27c76a4b0 Uncommon trap: reason=unstable_if action=reinterpret pc=0x000001a225f2e3f0 method=sun.nio.ch.DatagramChannelImpl.sourceSocketAddress()Ljava/net/InetSocketAddress; @ 28 c2
Event: 10119.188 Thread 0x000001a2065a1970 DEOPT UNPACKING pc=0x000001a224cd46a2 sp=0x0000004d914fee40 mode 2
Event: 10119.188 Thread 0x000001a27c76a4b0 DEOPT PACKING pc=0x000001a225f2e3f0 sp=0x0000004d8f8ff160
Event: 10119.188 Thread 0x000001a27c76a4b0 DEOPT UNPACKING pc=0x000001a224cd46a2 sp=0x0000004d8f8fef50 mode 2
Event: 10119.188 Thread 0x000001a27c76a4b0 Uncommon trap: trap_request=0xffffff45 fr.pc=0x000001a225af9484 relative=0x0000000000000244
Event: 10119.188 Thread 0x000001a27c76a4b0 Uncommon trap: reason=unstable_if action=reinterpret pc=0x000001a225af9484 method=java.nio.channels.spi.AbstractInterruptibleChannel.isOpen()Z @ 4 c2
Event: 10119.188 Thread 0x000001a27c76a4b0 DEOPT PACKING pc=0x000001a225af9484 sp=0x0000004d8f8fef70
Event: 10119.189 Thread 0x000001a27c76a4b0 DEOPT UNPACKING pc=0x000001a224cd46a2 sp=0x0000004d8f8feed0 mode 2
Event: 10119.189 Thread 0x000001a27c76c580 Uncommon trap: trap_request=0xffffff45 fr.pc=0x000001a22604ba88 relative=0x0000000000000068
Event: 10119.189 Thread 0x000001a27c76c580 Uncommon trap: reason=unstable_if action=reinterpret pc=0x000001a22604ba88 method=java.util.TaskQueue.isEmpty()Z @ 4 c2
Event: 10119.189 Thread 0x000001a27c76c580 DEOPT PACKING pc=0x000001a22604ba88 sp=0x0000004d905ff670
Event: 10119.189 Thread 0x000001a27c76c580 DEOPT UNPACKING pc=0x000001a224cd46a2 sp=0x0000004d905ff600 mode 2

Classes loaded (20 events):
Event: 5961.976 Loading class java/util/AbstractMap$2$1 done
Event: 5962.115 Loading class java/util/Collections$UnmodifiableMap$UnmodifiableEntrySet$UnmodifiableEntrySetSpliterator
Event: 5962.116 Loading class java/util/Collections$UnmodifiableMap$UnmodifiableEntrySet$UnmodifiableEntrySetSpliterator done
Event: 5962.116 Loading class java/util/TreeMap$EntrySpliterator
Event: 5962.116 Loading class java/util/TreeMap$TreeMapSpliterator
Event: 5962.117 Loading class java/util/TreeMap$TreeMapSpliterator done
Event: 5962.117 Loading class java/util/TreeMap$EntrySpliterator done
Event: 5962.121 Loading class java/util/zip/DataFormatException
Event: 5962.122 Loading class java/util/zip/DataFormatException done
Event: 6024.927 Loading class sun/security/ssl/PreSharedKeyExtension$PskIdentity
Event: 6024.927 Loading class sun/security/ssl/PreSharedKeyExtension$PskIdentity done
Event: 6024.928 Loading class sun/security/ssl/PreSharedKeyExtension$CHPreSharedKeySpec
Event: 6024.929 Loading class sun/security/ssl/PreSharedKeyExtension$CHPreSharedKeySpec done
Event: 6024.929 Loading class sun/security/ssl/PreSharedKeyExtension$PartialClientHelloMessage
Event: 6024.930 Loading class sun/security/ssl/PreSharedKeyExtension$PartialClientHelloMessage done
Event: 6024.959 Loading class sun/security/ssl/PreSharedKeyExtension$SHPreSharedKeySpec
Event: 6024.960 Loading class sun/security/ssl/PreSharedKeyExtension$SHPreSharedKeySpec done
Event: 6635.186 Loading class sun/security/ssl/Alert$AlertMessage
Event: 6635.187 Loading class sun/security/ssl/Alert$AlertMessage done
Event: 10119.189 Loading class sun/net/ConnectionResetException

Classes unloaded (20 events):
Event: 8520.210 Thread 0x000001a235339090 Unloading class 0x000001a23758e000 'java/lang/invoke/LambdaForm$MH+0x000001a23758e000'
Event: 8520.210 Thread 0x000001a235339090 Unloading class 0x000001a23758e800 'java/lang/invoke/LambdaForm$MH+0x000001a23758e800'
Event: 8520.210 Thread 0x000001a235339090 Unloading class 0x000001a237593000 'java/lang/invoke/LambdaForm$MH+0x000001a237593000'
Event: 8520.210 Thread 0x000001a235339090 Unloading class 0x000001a23759f000 'java/lang/invoke/LambdaForm$MH+0x000001a23759f000'
Event: 8520.210 Thread 0x000001a235339090 Unloading class 0x000001a23759fc00 'java/lang/invoke/LambdaForm$MH+0x000001a23759fc00'
Event: 8520.210 Thread 0x000001a235339090 Unloading class 0x000001a2375a0800 'java/lang/invoke/LambdaForm$MH+0x000001a2375a0800'
Event: 8520.210 Thread 0x000001a235339090 Unloading class 0x000001a2375a4800 'java/lang/invoke/LambdaForm$MH+0x000001a2375a4800'
Event: 8520.210 Thread 0x000001a235339090 Unloading class 0x000001a2375a6400 'java/lang/invoke/LambdaForm$MH+0x000001a2375a6400'
Event: 8520.210 Thread 0x000001a235339090 Unloading class 0x000001a2375a9800 'java/lang/invoke/LambdaForm$MH+0x000001a2375a9800'
Event: 8520.210 Thread 0x000001a235339090 Unloading class 0x000001a23709ac00 'java/lang/invoke/LambdaForm$MH+0x000001a23709ac00'
Event: 8520.210 Thread 0x000001a235339090 Unloading class 0x000001a237254000 'java/lang/invoke/LambdaForm$MH+0x000001a237254000'
Event: 8520.210 Thread 0x000001a235339090 Unloading class 0x000001a237256c00 'java/lang/invoke/LambdaForm$MH+0x000001a237256c00'
Event: 8520.210 Thread 0x000001a235339090 Unloading class 0x000001a237257000 'java/lang/invoke/LambdaForm$MH+0x000001a237257000'
Event: 8520.210 Thread 0x000001a235339090 Unloading class 0x000001a237574c00 'java/lang/invoke/LambdaForm$MH+0x000001a237574c00'
Event: 8520.210 Thread 0x000001a235339090 Unloading class 0x000001a237606000 'java/lang/invoke/LambdaForm$MH+0x000001a237606000'
Event: 8829.200 Thread 0x000001a235339090 Unloading class 0x000001a237252000 'java/lang/invoke/LambdaForm$MH+0x000001a237252000'
Event: 8829.200 Thread 0x000001a235339090 Unloading class 0x000001a237252c00 'java/lang/invoke/LambdaForm$MH+0x000001a237252c00'
Event: 8829.200 Thread 0x000001a235339090 Unloading class 0x000001a237253c00 'java/lang/invoke/LambdaForm$MH+0x000001a237253c00'
Event: 8829.200 Thread 0x000001a235339090 Unloading class 0x000001a237255c00 'java/lang/invoke/LambdaForm$MH+0x000001a237255c00'
Event: 8829.200 Thread 0x000001a235339090 Unloading class 0x000001a237259000 'java/lang/invoke/LambdaForm$MH+0x000001a237259000'

Classes redefined (0 events):
No events

Internal exceptions (20 events):
Event: 6732.749 Thread 0x000001a27ba75380 Implicit null exception at 0x000001a22621ba29 to 0x000001a22621d748
Event: 6732.749 Thread 0x000001a27ba75380 Implicit null exception at 0x000001a22621ba29 to 0x000001a22621d748
Event: 6732.749 Thread 0x000001a27ba75380 Implicit null exception at 0x000001a22621ba29 to 0x000001a22621d748
Event: 6732.750 Thread 0x000001a27ba75380 Implicit null exception at 0x000001a22621ba29 to 0x000001a22621d748
Event: 7032.696 Thread 0x000001a27c769e20 Implicit null exception at 0x000001a2258c3b44 to 0x000001a2258c4338
Event: 7035.078 Thread 0x000001a27ba75380 Exception <a 'java/lang/NoSuchMethodError'{0x0000000713c1b388}: 'void java.lang.invoke.DelegatingMethodHandle$Holder.reinvoke_L(java.lang.Object, java.lang.Object, double, double, double, double, double)'> (0x0000000713c1b388) 
thrown [s\open\src\hotspot\share\interpreter\linkResolver.cpp, line 773]
Event: 7035.085 Thread 0x000001a27ba75380 Implicit null exception at 0x000001a22554f6c0 to 0x000001a22554fea8
Event: 7069.480 Thread 0x000001a27ba75380 Exception <a 'java/lang/NoSuchMethodError'{0x00000007113f8760}: 'void java.lang.invoke.DelegatingMethodHandle$Holder.reinvoke_L(java.lang.Object, java.lang.Object, double, double, double, double, double)'> (0x00000007113f8760) 
thrown [s\open\src\hotspot\share\interpreter\linkResolver.cpp, line 773]
Event: 7096.201 Thread 0x000001a27ba75380 Exception <a 'java/lang/NoSuchMethodError'{0x000000071182b810}: 'void java.lang.invoke.DelegatingMethodHandle$Holder.reinvoke_L(java.lang.Object, java.lang.Object, double, double, double, double, double)'> (0x000000071182b810) 
thrown [s\open\src\hotspot\share\interpreter\linkResolver.cpp, line 773]
Event: 7271.303 Thread 0x000001a27c770090 Exception <a 'java/io/IOException'{0x0000000718f67d08}> (0x0000000718f67d08) 
thrown [s\open\src\hotspot\share\prims\jni.cpp, line 520]
Event: 7292.246 Thread 0x000001a27ba75380 Exception <a 'java/lang/NoSuchMethodError'{0x00000007ffd94180}: 'void java.lang.invoke.DelegatingMethodHandle$Holder.reinvoke_L(java.lang.Object, java.lang.Object, double, double, double, double, double)'> (0x00000007ffd94180) 
thrown [s\open\src\hotspot\share\interpreter\linkResolver.cpp, line 773]
Event: 7682.402 Thread 0x000001a27ba75380 Exception <a 'java/lang/NoSuchMethodError'{0x00000007154321c0}: 'void java.lang.invoke.DelegatingMethodHandle$Holder.reinvoke_L(java.lang.Object, java.lang.Object, double, double, double, double, double)'> (0x00000007154321c0) 
thrown [s\open\src\hotspot\share\interpreter\linkResolver.cpp, line 773]
Event: 7844.544 Thread 0x000001a27ba75380 Exception <a 'java/lang/NoSuchMethodError'{0x0000000714a98580}: 'void java.lang.invoke.DelegatingMethodHandle$Holder.reinvoke_L(java.lang.Object, java.lang.Object, double, double, double, double, double)'> (0x0000000714a98580) 
thrown [s\open\src\hotspot\share\interpreter\linkResolver.cpp, line 773]
Event: 7886.186 Thread 0x000001a27ba75380 Exception <a 'java/lang/NoSuchMethodError'{0x0000000717914940}: 'void java.lang.invoke.DelegatingMethodHandle$Holder.reinvoke_L(java.lang.Object, java.lang.Object, double, double, double, double, double)'> (0x0000000717914940) 
thrown [s\open\src\hotspot\share\interpreter\linkResolver.cpp, line 773]
Event: 9142.053 Thread 0x000001a27ba75380 Exception <a 'java/lang/NoSuchMethodError'{0x0000000715990138}: 'void java.lang.invoke.DelegatingMethodHandle$Holder.reinvoke_L(java.lang.Object, java.lang.Object, double, double, double, double, double)'> (0x0000000715990138) 
thrown [s\open\src\hotspot\share\interpreter\linkResolver.cpp, line 773]
Event: 9430.822 Thread 0x000001a27ba75380 Implicit null exception at 0x000001a225b2f4ea to 0x000001a225b332f0
Event: 9430.822 Thread 0x000001a27ba75380 Implicit null exception at 0x000001a22568bdd5 to 0x000001a22568bfd8
Event: 10117.109 Thread 0x000001a235752510 Implicit null exception at 0x000001a2261b94e1 to 0x000001a2261baaf4
Event: 10119.187 Thread 0x000001a27c76ece0 Exception <a 'java/io/IOException'{0x0000000716ff9ec0}> (0x0000000716ff9ec0) 
thrown [s\open\src\hotspot\share\prims\jni.cpp, line 520]
Event: 10119.189 Thread 0x000001a27c76b1d0 Exception <a 'java/io/IOException'{0x000000071a177ad8}> (0x000000071a177ad8) 
thrown [s\open\src\hotspot\share\prims\jni.cpp, line 520]

ZGC Phase Switch (0 events):
No events

VM Operations (20 events):
Event: 10044.146 Executing VM operation: G1CollectForAllocation (G1 Evacuation Pause)
Event: 10044.151 Executing VM operation: G1CollectForAllocation (G1 Evacuation Pause) done
Event: 10059.342 Executing VM operation: G1CollectForAllocation (G1 Evacuation Pause)
Event: 10059.351 Executing VM operation: G1CollectForAllocation (G1 Evacuation Pause) done
Event: 10063.353 Executing VM operation: Cleanup
Event: 10063.353 Executing VM operation: Cleanup done
Event: 10068.160 Executing VM operation: G1CollectForAllocation (G1 Evacuation Pause)
Event: 10068.170 Executing VM operation: G1CollectForAllocation (G1 Evacuation Pause) done
Event: 10077.140 Executing VM operation: G1CollectForAllocation (G1 Evacuation Pause)
Event: 10077.153 Executing VM operation: G1CollectForAllocation (G1 Evacuation Pause) done
Event: 10087.378 Executing VM operation: G1CollectForAllocation (G1 Evacuation Pause)
Event: 10087.397 Executing VM operation: G1CollectForAllocation (G1 Evacuation Pause) done
Event: 10096.614 Executing VM operation: G1CollectForAllocation (G1 Evacuation Pause)
Event: 10096.628 Executing VM operation: G1CollectForAllocation (G1 Evacuation Pause) done
Event: 10102.040 Executing VM operation: HandshakeAllThreads (HandshakeForDeflation)
Event: 10102.040 Executing VM operation: HandshakeAllThreads (HandshakeForDeflation) done
Event: 10102.040 Executing VM operation: RendezvousGCThreads
Event: 10102.040 Executing VM operation: RendezvousGCThreads done
Event: 10113.155 Executing VM operation: G1CollectForAllocation (G1 Evacuation Pause)
Event: 10113.167 Executing VM operation: G1CollectForAllocation (G1 Evacuation Pause) done

Events (20 events):
Event: 9362.394 Thread 0x000001a27c3fb910 Thread exited: 0x000001a27c3fb910
Event: 9374.163 Thread 0x000001a27c3fa560 Thread added: 0x000001a27c3fa560
Event: 9374.163 Thread 0x000001a27c3fa560 Thread exited: 0x000001a27c3fa560
Event: 9379.903 Thread 0x000001a208ccf1b0 Thread exited: 0x000001a208ccf1b0
Event: 9381.319 Thread 0x000001a27c3fabf0 Thread added: 0x000001a27c3fabf0
Event: 9381.321 Thread 0x000001a209279b80 Thread added: 0x000001a209279b80
Event: 9391.269 Thread 0x000001a27c3fb280 Thread added: 0x000001a27c3fb280
Event: 9391.269 Thread 0x000001a27c3fb280 Thread exited: 0x000001a27c3fb280
Event: 9440.188 Thread 0x000001a20a12fbe0 Thread added: 0x000001a20a12fbe0
Event: 9440.188 Thread 0x000001a20a12fbe0 Thread exited: 0x000001a20a12fbe0
Event: 9441.322 Thread 0x000001a209279b80 Thread exited: 0x000001a209279b80
Event: 9441.440 Thread 0x000001a27c3fabf0 Thread exited: 0x000001a27c3fabf0
Event: 9445.806 Thread 0x000001a208cd1910 Thread added: 0x000001a208cd1910
Event: 9445.807 Thread 0x000001a208cd1fa0 Thread added: 0x000001a208cd1fa0
Event: 9450.868 Thread 0x000001a2356c2420 Thread added: 0x000001a2356c2420
Event: 9450.868 Thread 0x000001a2356c2420 Thread exited: 0x000001a2356c2420
Event: 9505.823 Thread 0x000001a208cd1fa0 Thread exited: 0x000001a208cd1fa0
Event: 9505.948 Thread 0x000001a208cd1910 Thread exited: 0x000001a208cd1910
Event: 10119.187 Thread 0x000001a27c769e20 Thread exited: 0x000001a27c769e20
Event: 10119.187 Thread 0x000001a27c76ece0 Thread exited: 0x000001a27c76ece0


Dynamic libraries:
0x00007ff78eda0000 - 0x00007ff78edae000 	C:\Users\prakt\.jdks\openjdk-21.0.1\bin\java.exe
0x00007fffa2220000 - 0x00007fffa2486000 	C:\WINDOWS\SYSTEM32\ntdll.dll
0x00007fffa03b0000 - 0x00007fffa0479000 	C:\WINDOWS\System32\KERNEL32.DLL
0x00007fff9fa10000 - 0x00007fff9fe0e000 	C:\WINDOWS\System32\KERNELBASE.dll
0x00007fff9f8b0000 - 0x00007fff9f9fc000 	C:\WINDOWS\System32\ucrtbase.dll
0x00007fff972d0000 - 0x00007fff972eb000 	C:\Users\prakt\.jdks\openjdk-21.0.1\bin\VCRUNTIME140.dll
0x00007fff972b0000 - 0x00007fff972c8000 	C:\Users\prakt\.jdks\openjdk-21.0.1\bin\jli.dll
0x00007fff9ff50000 - 0x00007fffa0117000 	C:\WINDOWS\System32\USER32.dll
0x00007fff86de0000 - 0x00007fff87072000 	C:\WINDOWS\WinSxS\amd64_microsoft.windows.common-controls_6595b64144ccf1df_6.0.26100.8894_none_3e0f749ee32e02ea\COMCTL32.dll
0x00007fff9f880000 - 0x00007fff9f8a7000 	C:\WINDOWS\System32\win32u.dll
0x00007fffa0930000 - 0x00007fffa09d9000 	C:\WINDOWS\System32\msvcrt.dll
0x00007fffa1a70000 - 0x00007fffa1a9b000 	C:\WINDOWS\System32\GDI32.dll
0x00007fff9fe20000 - 0x00007fff9ff4a000 	C:\WINDOWS\System32\gdi32full.dll
0x00007fff9f5c0000 - 0x00007fff9f663000 	C:\WINDOWS\System32\msvcp_win.dll
0x00007fffa0710000 - 0x00007fffa0742000 	C:\WINDOWS\System32\IMM32.DLL
0x00007fff9a9f0000 - 0x00007fff9a9fc000 	C:\Users\prakt\.jdks\openjdk-21.0.1\bin\vcruntime140_1.dll
0x00007fff95b10000 - 0x00007fff95b9e000 	C:\Users\prakt\.jdks\openjdk-21.0.1\bin\msvcp140.dll
0x00007fff2fb00000 - 0x00007fff30815000 	C:\Users\prakt\.jdks\openjdk-21.0.1\bin\server\jvm.dll
0x00007fffa1e30000 - 0x00007fffa1ee7000 	C:\WINDOWS\System32\ADVAPI32.dll
0x00007fffa0170000 - 0x00007fffa021a000 	C:\WINDOWS\System32\sechost.dll
0x00007fffa1f20000 - 0x00007fffa2038000 	C:\WINDOWS\System32\RPCRT4.dll
0x00007fffa0320000 - 0x00007fffa03a0000 	C:\WINDOWS\System32\WS2_32.dll
0x00007fff9df40000 - 0x00007fff9df9e000 	C:\WINDOWS\SYSTEM32\POWRPROF.dll
0x00007fff96e70000 - 0x00007fff96ea6000 	C:\WINDOWS\SYSTEM32\WINMM.dll
0x00007fff97750000 - 0x00007fff9775b000 	C:\WINDOWS\SYSTEM32\VERSION.dll
0x00007fff9df20000 - 0x00007fff9df34000 	C:\WINDOWS\SYSTEM32\UMPDC.dll
0x00007fff9e200000 - 0x00007fff9e21b000 	C:\WINDOWS\SYSTEM32\kernel.appcore.dll
0x00007fff992f0000 - 0x00007fff992fa000 	C:\Users\prakt\.jdks\openjdk-21.0.1\bin\jimage.dll
0x00007fff9c970000 - 0x00007fff9cbb2000 	C:\WINDOWS\SYSTEM32\DBGHELP.DLL
0x00007fffa1aa0000 - 0x00007fffa1e23000 	C:\WINDOWS\System32\combase.dll
0x00007fffa1050000 - 0x00007fffa1129000 	C:\WINDOWS\System32\OLEAUT32.dll
0x00007fff79350000 - 0x00007fff7938b000 	C:\WINDOWS\SYSTEM32\dbgcore.DLL
0x00007fff9f500000 - 0x00007fff9f5ac000 	C:\WINDOWS\System32\bcryptPrimitives.dll
0x00007fff959b0000 - 0x00007fff959bf000 	C:\Users\prakt\.jdks\openjdk-21.0.1\bin\instrument.dll
0x00007fff95a00000 - 0x00007fff95a1f000 	C:\Users\prakt\.jdks\openjdk-21.0.1\bin\java.dll
0x00007fffa12b0000 - 0x00007fffa1a42000 	C:\WINDOWS\System32\SHELL32.dll
0x00007fff9cee0000 - 0x00007fff9d772000 	C:\WINDOWS\SYSTEM32\windows.storage.dll
0x00007fffa0220000 - 0x00007fffa0317000 	C:\WINDOWS\System32\SHCORE.dll
0x00007fffa0760000 - 0x00007fffa07c7000 	C:\WINDOWS\System32\shlwapi.dll
0x00007fff9f360000 - 0x00007fff9f389000 	C:\WINDOWS\SYSTEM32\profapi.dll
0x00007ffef05e0000 - 0x00007ffef06b7000 	C:\Users\prakt\.jdks\openjdk-21.0.1\bin\jsvml.dll
0x00007fff959c0000 - 0x00007fff959d0000 	C:\Users\prakt\.jdks\openjdk-21.0.1\bin\net.dll
0x00007fff96930000 - 0x00007fff96a57000 	C:\WINDOWS\SYSTEM32\WINHTTP.dll
0x00007fff9e790000 - 0x00007fff9e7fc000 	C:\WINDOWS\system32\mswsock.dll
0x00007fff88de0000 - 0x00007fff88df6000 	C:\Users\prakt\.jdks\openjdk-21.0.1\bin\nio.dll
0x00007fff88da0000 - 0x00007fff88db8000 	C:\Users\prakt\.jdks\openjdk-21.0.1\bin\zip.dll
0x00007fff9dbb0000 - 0x00007fff9dd06000 	C:\WINDOWS\SYSTEM32\DNSAPI.dll
0x00007fff9e5b0000 - 0x00007fff9e5bd000 	C:\WINDOWS\SYSTEM32\DSPARSE.dll
0x00007fff9db20000 - 0x00007fff9db53000 	C:\WINDOWS\SYSTEM32\IPHLPAPI.DLL
0x00007fffa0750000 - 0x00007fffa075a000 	C:\WINDOWS\System32\NSI.dll
0x00007fff97640000 - 0x00007fff9764b000 	C:\Windows\System32\rasadhlp.dll
0x00007fff95fc0000 - 0x00007fff96046000 	C:\WINDOWS\System32\fwpuclnt.dll
0x00007fff95970000 - 0x00007fff9597a000 	C:\Users\prakt\.jdks\openjdk-21.0.1\bin\management.dll
0x00007fff88ce0000 - 0x00007fff88ceb000 	C:\Users\prakt\.jdks\openjdk-21.0.1\bin\management_ext.dll
0x00007fffa06e0000 - 0x00007fffa06e8000 	C:\WINDOWS\System32\PSAPI.DLL
0x000001a213310000 - 0x000001a213313000 	C:\Users\prakt\.openjfx\cache\21.0.5+1\amd64\api-ms-win-core-console-l1-1-0.dll
0x000001a213320000 - 0x000001a213323000 	C:\Users\prakt\.openjfx\cache\21.0.5+1\amd64\api-ms-win-core-console-l1-2-0.dll
0x000001a2152e0000 - 0x000001a2152e3000 	C:\Users\prakt\.openjfx\cache\21.0.5+1\amd64\api-ms-win-core-datetime-l1-1-0.dll
0x000001a2152f0000 - 0x000001a2152f3000 	C:\Users\prakt\.openjfx\cache\21.0.5+1\amd64\api-ms-win-core-debug-l1-1-0.dll
0x000001a215300000 - 0x000001a215303000 	C:\Users\prakt\.openjfx\cache\21.0.5+1\amd64\api-ms-win-core-errorhandling-l1-1-0.dll
0x000001a215310000 - 0x000001a215314000 	C:\Users\prakt\.openjfx\cache\21.0.5+1\amd64\api-ms-win-core-file-l1-1-0.dll
0x000001a215320000 - 0x000001a215323000 	C:\Users\prakt\.openjfx\cache\21.0.5+1\amd64\api-ms-win-core-file-l1-2-0.dll
0x000001a215330000 - 0x000001a215333000 	C:\Users\prakt\.openjfx\cache\21.0.5+1\amd64\api-ms-win-core-file-l2-1-0.dll
0x000001a215340000 - 0x000001a215343000 	C:\Users\prakt\.openjfx\cache\21.0.5+1\amd64\api-ms-win-core-handle-l1-1-0.dll
0x000001a215350000 - 0x000001a215353000 	C:\Users\prakt\.openjfx\cache\21.0.5+1\amd64\api-ms-win-core-heap-l1-1-0.dll
0x000001a215360000 - 0x000001a215363000 	C:\Users\prakt\.openjfx\cache\21.0.5+1\amd64\api-ms-win-core-interlocked-l1-1-0.dll
0x000001a215370000 - 0x000001a215373000 	C:\Users\prakt\.openjfx\cache\21.0.5+1\amd64\api-ms-win-core-libraryloader-l1-1-0.dll
0x000001a215380000 - 0x000001a215383000 	C:\Users\prakt\.openjfx\cache\21.0.5+1\amd64\api-ms-win-core-localization-l1-2-0.dll
0x000001a215390000 - 0x000001a215393000 	C:\Users\prakt\.openjfx\cache\21.0.5+1\amd64\api-ms-win-core-memory-l1-1-0.dll
0x000001a2153a0000 - 0x000001a2153a3000 	C:\Users\prakt\.openjfx\cache\21.0.5+1\amd64\api-ms-win-core-namedpipe-l1-1-0.dll
0x000001a235d10000 - 0x000001a235d13000 	C:\Users\prakt\.openjfx\cache\21.0.5+1\amd64\api-ms-win-core-processenvironment-l1-1-0.dll
0x000001a235d20000 - 0x000001a235d23000 	C:\Users\prakt\.openjfx\cache\21.0.5+1\amd64\api-ms-win-core-processthreads-l1-1-0.dll
0x000001a235e30000 - 0x000001a235e33000 	C:\Users\prakt\.openjfx\cache\21.0.5+1\amd64\api-ms-win-core-processthreads-l1-1-1.dll
0x000001a235e40000 - 0x000001a235e43000 	C:\Users\prakt\.openjfx\cache\21.0.5+1\amd64\api-ms-win-core-profile-l1-1-0.dll
0x000001a235e50000 - 0x000001a235e53000 	C:\Users\prakt\.openjfx\cache\21.0.5+1\amd64\api-ms-win-core-rtlsupport-l1-1-0.dll
0x000001a235e60000 - 0x000001a235e63000 	C:\Users\prakt\.openjfx\cache\21.0.5+1\amd64\api-ms-win-core-string-l1-1-0.dll
0x000001a235e70000 - 0x000001a235e73000 	C:\Users\prakt\.openjfx\cache\21.0.5+1\amd64\api-ms-win-core-synch-l1-1-0.dll
0x000001a235e80000 - 0x000001a235e83000 	C:\Users\prakt\.openjfx\cache\21.0.5+1\amd64\api-ms-win-core-synch-l1-2-0.dll
0x000001a235e90000 - 0x000001a235e93000 	C:\Users\prakt\.openjfx\cache\21.0.5+1\amd64\api-ms-win-core-sysinfo-l1-1-0.dll
0x000001a235ea0000 - 0x000001a235ea3000 	C:\Users\prakt\.openjfx\cache\21.0.5+1\amd64\api-ms-win-core-timezone-l1-1-0.dll
0x000001a235eb0000 - 0x000001a235eb3000 	C:\Users\prakt\.openjfx\cache\21.0.5+1\amd64\api-ms-win-core-util-l1-1-0.dll
0x000001a235ec0000 - 0x000001a235ec3000 	C:\Users\prakt\.openjfx\cache\21.0.5+1\amd64\api-ms-win-crt-conio-l1-1-0.dll
0x000001a235ed0000 - 0x000001a235ed4000 	C:\Users\prakt\.openjfx\cache\21.0.5+1\amd64\api-ms-win-crt-convert-l1-1-0.dll
0x000001a235ee0000 - 0x000001a235ee3000 	C:\Users\prakt\.openjfx\cache\21.0.5+1\amd64\api-ms-win-crt-environment-l1-1-0.dll
0x000001a235ef0000 - 0x000001a235ef3000 	C:\Users\prakt\.openjfx\cache\21.0.5+1\amd64\api-ms-win-crt-filesystem-l1-1-0.dll
0x000001a235f00000 - 0x000001a235f03000 	C:\Users\prakt\.openjfx\cache\21.0.5+1\amd64\api-ms-win-crt-heap-l1-1-0.dll
0x000001a235f10000 - 0x000001a235f13000 	C:\Users\prakt\.openjfx\cache\21.0.5+1\amd64\api-ms-win-crt-locale-l1-1-0.dll
0x000001a235f20000 - 0x000001a235f25000 	C:\Users\prakt\.openjfx\cache\21.0.5+1\amd64\api-ms-win-crt-math-l1-1-0.dll
0x000001a235f30000 - 0x000001a235f35000 	C:\Users\prakt\.openjfx\cache\21.0.5+1\amd64\api-ms-win-crt-multibyte-l1-1-0.dll
0x000001a235f40000 - 0x000001a235f50000 	C:\Users\prakt\.openjfx\cache\21.0.5+1\amd64\api-ms-win-crt-private-l1-1-0.dll
0x000001a235f50000 - 0x000001a235f53000 	C:\Users\prakt\.openjfx\cache\21.0.5+1\amd64\api-ms-win-crt-process-l1-1-0.dll
0x000001a235f60000 - 0x000001a235f64000 	C:\Users\prakt\.openjfx\cache\21.0.5+1\amd64\api-ms-win-crt-runtime-l1-1-0.dll
0x000001a235f70000 - 0x000001a235f74000 	C:\Users\prakt\.openjfx\cache\21.0.5+1\amd64\api-ms-win-crt-stdio-l1-1-0.dll
0x000001a235f80000 - 0x000001a235f84000 	C:\Users\prakt\.openjfx\cache\21.0.5+1\amd64\api-ms-win-crt-string-l1-1-0.dll
0x000001a235f90000 - 0x000001a235f93000 	C:\Users\prakt\.openjfx\cache\21.0.5+1\amd64\api-ms-win-crt-time-l1-1-0.dll
0x000001a235fa0000 - 0x000001a235fa3000 	C:\Users\prakt\.openjfx\cache\21.0.5+1\amd64\api-ms-win-crt-utility-l1-1-0.dll
0x00007ffed7920000 - 0x00007ffed7a1c000 	C:\Users\prakt\.openjfx\cache\21.0.5+1\amd64\ucrtbase.dll
0x00007fff88cc0000 - 0x00007fff88cdb000 	C:\Users\prakt\.openjfx\cache\21.0.5+1\amd64\vcruntime140.dll
0x00007fff88cb0000 - 0x00007fff88cbc000 	C:\Users\prakt\.openjfx\cache\21.0.5+1\amd64\vcruntime140_1.dll
0x00007ffef6950000 - 0x00007ffef69de000 	C:\Users\prakt\.openjfx\cache\21.0.5+1\amd64\msvcp140.dll
0x00007fff88ca0000 - 0x00007fff88ca9000 	C:\Users\prakt\.openjfx\cache\21.0.5+1\amd64\msvcp140_1.dll
0x00007fff2b6c0000 - 0x00007fff2b701000 	C:\Users\prakt\.openjfx\cache\21.0.5+1\amd64\msvcp140_2.dll
0x00007fff9ebc0000 - 0x00007fff9ebdb000 	C:\WINDOWS\SYSTEM32\CRYPTSP.dll
0x00007fff9e160000 - 0x00007fff9e199000 	C:\WINDOWS\system32\rsaenh.dll
0x00007fff9e850000 - 0x00007fff9e882000 	C:\WINDOWS\SYSTEM32\USERENV.dll
0x00007fff9f330000 - 0x00007fff9f35a000 	C:\WINDOWS\SYSTEM32\bcrypt.dll
0x00007fff9ea00000 - 0x00007fff9ea0c000 	C:\WINDOWS\SYSTEM32\CRYPTBASE.dll
0x00007fff95bf0000 - 0x00007fff95c08000 	C:\WINDOWS\system32\napinsp.dll
0x00007fff95bd0000 - 0x00007fff95be3000 	C:\WINDOWS\System32\winrnr.dll
0x00007fff95ba0000 - 0x00007fff95bc2000 	C:\WINDOWS\system32\nlansp_c.dll
0x00007fff982c0000 - 0x00007fff982d6000 	C:\WINDOWS\system32\wshbth.dll
0x00007fff42000000 - 0x00007fff42030000 	C:\Users\prakt\.openjfx\cache\21.0.5+1\amd64\prism_d3d.dll
0x00007fff27080000 - 0x00007fff27232000 	C:\WINDOWS\system32\d3d9.dll
0x00007fff9c270000 - 0x00007fff9c29f000 	C:\WINDOWS\SYSTEM32\dwmapi.dll
0x00007fff9c340000 - 0x00007fff9c386000 	C:\WINDOWS\SYSTEM32\dxcore.dll
0x00007fff9bca0000 - 0x00007fff9bd49000 	C:\WINDOWS\system32\uxtheme.dll
0x00007fff7ad00000 - 0x00007fff7adc3000 	C:\WINDOWS\SYSTEM32\d3d9on12.dll
0x00007fff9c100000 - 0x00007fff9c23e000 	C:\WINDOWS\SYSTEM32\dxgi.dll
0x00007fff81650000 - 0x00007fff81673000 	C:\WINDOWS\SYSTEM32\d3d12.dll
0x00007fff9f080000 - 0x00007fff9f0d1000 	C:\WINDOWS\SYSTEM32\cfgmgr32.dll
0x00007fff3e4c0000 - 0x00007fff3e817000 	C:\WINDOWS\SYSTEM32\D3D12Core.dll
0x00007fff80dd0000 - 0x00007fff80e28000 	C:\WINDOWS\SYSTEM32\pdh.dll
0x00007fff407f0000 - 0x00007fff408f7000 	C:\WINDOWS\System32\DriverStore\FileRepository\iigd_dch.inf_amd64_a582115f5de863e1\igd12umd64.dll
0x00007fff37060000 - 0x00007fff37f65000 	C:\WINDOWS\System32\DriverStore\FileRepository\iigd_dch.inf_amd64_a582115f5de863e1\igd12um64xel.dll
0x00007fff9f670000 - 0x00007fff9f7e8000 	C:\WINDOWS\System32\CRYPT32.dll
0x00007fffa2040000 - 0x00007fffa21d9000 	C:\WINDOWS\System32\ole32.dll
0x00007fff76f50000 - 0x00007fff76f94000 	C:\WINDOWS\SYSTEM32\ControlLib.dll
0x00007fffa0b30000 - 0x00007fffa0fb7000 	C:\WINDOWS\System32\SETUPAPI.dll

dbghelp: loaded successfully - version: 4.0.5 - missing functions: none
symbol engine: initialized successfully - sym options: 0x614 - pdb path: .;C:\Users\prakt\.jdks\openjdk-21.0.1\bin;C:\WINDOWS\SYSTEM32;C:\WINDOWS\WinSxS\amd64_microsoft.windows.common-controls_6595b64144ccf1df_6.0.26100.8894_none_3e0f749ee32e02ea;C:\Users\prakt\.jdks\openjdk-21.0.1\bin\server;C:\Users\prakt\.openjfx\cache\21.0.5+1\amd64;C:\WINDOWS\System32\DriverStore\FileRepository\iigd_dch.inf_amd64_a582115f5de863e1;C:\Users\prakt\AppData\Local\Temp;C:\Program Files\Common Files\Microsoft Shared\Ink

VM Arguments:
jvm_args: -javaagent:C:\Users\prakt\AppData\Local\Programs\IntelliJ IDEA Community Edition\lib\idea_rt.jar=50765 -Dfile.encoding=UTF-8 -Dsun.stdout.encoding=UTF-8 -Dsun.stderr.encoding=UTF-8 --module-path=C:\Users\prakt\.m2\repository\org\openjfx\javafx-controls\21.0.5\javafx-controls-21.0.5-win.jar;C:\Users\prakt\.m2\repository\org\junit\jupiter\junit-jupiter-api\5.10.1\junit-jupiter-api-5.10.1.jar;C:\Users\prakt\.m2\repository\javazoom\jlayer\1.0.1\jlayer-1.0.1.jar;C:\Users\prakt\.m2\repository\org\apiguardian\apiguardian-api\1.1.2\apiguardian-api-1.1.2.jar;C:\Users\prakt\.m2\repository\org\openjfx\javafx-web\21.0.5\javafx-web-21.0.5-win.jar;C:\Users\prakt\IdeaProjects\kst4contest\target\classes;C:\Users\prakt\.m2\repository\org\openjfx\javafx-fxml\21.0.5\javafx-fxml-21.0.5-win.jar;C:\Users\prakt\.m2\repository\org\xerial\sqlite-jdbc\3.43.2.2\sqlite-jdbc-3.43.2.2.jar;C:\Users\prakt\.m2\repository\org\mockito\mockito-core\5.17.0\mockito-core-5.17.0.jar;C:\Users\prakt\.m2\repository\org\openjfx\javafx-media\21.0.5\javafx-media-21.0.5-win.jar;C:\Users\prakt\.m2\repository\net\bytebuddy\byte-buddy\1.15.11\byte-buddy-1.15.11.jar;C:\Users\prakt\.m2\repository\org\openjfx\javafx-base\21.0.5\javafx-base-21.0.5-win.jar;C:\Users\prakt\.m2\repository\net\bytebuddy\byte-buddy-agent\1.15.11\byte-buddy-agent-1.15.11.jar;C:\Users\prakt\.m2\repository\org\openjfx\javafx-graphics\21.0.5\javafx-graphics-21.0.5-win.jar;C:\Users\prakt\.m2\repository\org\opentest4j\opentest4j\1.3.0\opentest4j-1.3.0.jar;C:\Users\prakt\.m2\repository\org\slf4j\slf4j-api\1.7.36\slf4j-api-1.7.36.jar;C:\Users\prakt\.m2\repository\org\objenesis\objenesis\3.3\objenesis-3.3.jar;C:\Users\prakt\.m2\repository\org\junit\platform\junit-platform-commons\1.10.1\junit-platform-commons-1.10.1.jar -Djdk.module.main=praktiKST 
java_command: praktiKST/kst4contest.view.Kst4ContestApplication
java_class_path (initial): C:\Users\prakt\.m2\repository\org\openjfx\javafx-controls\21.0.5\javafx-controls-21.0.5.jar;C:\Users\prakt\.m2\repository\org\openjfx\javafx-graphics\21.0.5\javafx-graphics-21.0.5.jar;C:\Users\prakt\.m2\repository\org\openjfx\javafx-base\21.0.5\javafx-base-21.0.5.jar;C:\Users\prakt\.m2\repository\org\openjfx\javafx-fxml\21.0.5\javafx-fxml-21.0.5.jar;C:\Users\prakt\.m2\repository\org\openjfx\javafx-web\21.0.5\javafx-web-21.0.5.jar;C:\Users\prakt\.m2\repository\org\openjfx\javafx-media\21.0.5\javafx-media-21.0.5.jar;C:\Users\prakt\.m2\repository\org\jetbrains\annotations\24.0.1\annotations-24.0.1.jar
Launcher Type: SUN_STANDARD

[Global flags]
     intx CICompilerCount                          = 12                                        {product} {ergonomic}
     uint ConcGCThreads                            = 4                                         {product} {ergonomic}
     uint G1ConcRefinementThreads                  = 15                                        {product} {ergonomic}
   size_t G1HeapRegionSize                         = 2097152                                   {product} {ergonomic}
    uintx GCDrainStackTargetSize                   = 64                                        {product} {ergonomic}
   size_t InitialHeapSize                          = 264241152                                 {product} {ergonomic}
   size_t MarkStackSize                            = 4194304                                   {product} {ergonomic}
   size_t MaxHeapSize                              = 4223664128                                {product} {ergonomic}
   size_t MaxNewSize                               = 2533359616                                {product} {ergonomic}
   size_t MinHeapDeltaBytes                        = 2097152                                   {product} {ergonomic}
   size_t MinHeapSize                              = 8388608                                   {product} {ergonomic}
    uintx NonNMethodCodeHeapSize                   = 7602480                                {pd product} {ergonomic}
    uintx NonProfiledCodeHeapSize                  = 122027880                              {pd product} {ergonomic}
    uintx ProfiledCodeHeapSize                     = 122027880                              {pd product} {ergonomic}
    uintx ReservedCodeCacheSize                    = 251658240                              {pd product} {ergonomic}
     bool SegmentedCodeCache                       = true                                      {product} {ergonomic}
   size_t SoftMaxHeapSize                          = 4223664128                             {manageable} {ergonomic}
     bool UseCompressedOops                        = true                           {product lp64_product} {ergonomic}
     bool UseG1GC                                  = true                                      {product} {ergonomic}
     bool UseLargePagesIndividualAllocation        = false                                  {pd product} {ergonomic}

Logging:
Log output configuration:
 #0: stdout all=warning uptime,level,tags foldmultilines=false
 #1: stderr all=off uptime,level,tags foldmultilines=false

Environment Variables:
JAVA_HOME=C:\Program Files\Java\jdk-17\bin
PATH=C:\Program Files\Common Files\Oracle\Java\javapath;C:\Program Files (x86)\Common Files\Oracle\Java\javapath;C:\WINDOWS\system32;C:\WINDOWS;C:\WINDOWS\System32\Wbem;C:\WINDOWS\System32\WindowsPowerShell\v1.0\;C:\WINDOWS\System32\OpenSSH\;C:\Program Files\PuTTY\;C:\Program Files\Git\cmd;C:\WSJT\wsjtx\bin;C:\Program Files (x86)\Bitvise SSH Client;C:\Program Files\WireGuard\;C:\Program Files\dotnet\;C:\Program Files\NVIDIA Corporation\NVIDIA NvDLISR;C:\Program Files\Microsoft SQL Server\170\Tools\Binn\;C:\Program Files\Microsoft SQL Server\Client SDK\ODBC\170\Tools\Binn\;C:\Program Files\nodejs\;C:\Program Files\Docker\Docker\resources\bin;C:\Users\prakt\AppData\Local\Microsoft\WindowsApps;C:\Program Files\JetBrains\IntelliJ IDEA Community Edition 2023.2.5\bin;C:\Users\prakt\AppData\Local\JetBrains\Toolbox\scripts;;C:\Users\prakt\AppData\Local\Microsoft\WindowsApps;C:\Users\prakt\AppData\Local\Python\bin;C:\Users\prakt\AppData\Roaming\npm
USERNAME=prakt
OS=Windows_NT
PROCESSOR_IDENTIFIER=Intel64 Family 6 Model 154 Stepping 3, GenuineIntel
TMP=C:\Users\prakt\AppData\Local\Temp
TEMP=C:\Users\prakt\AppData\Local\Temp




Periodic native trim disabled

---------------  S Y S T E M  ---------------

OS:
 Windows 11 , 64 bit Build 26100 (10.0.26100.8875)
OS uptime: 11 days 9:25 hours
Hyper-V role detected

CPU: total 20 (initial active 20) (10 cores per cpu, 2 threads per core) family 6 model 154 stepping 3 microcode 0x432, cx8, cmov, fxsr, ht, mmx, 3dnowpref, sse, sse2, sse3, ssse3, sse4.1, sse4.2, popcnt, lzcnt, tsc, tscinvbit, avx, avx2, aes, erms, clmul, bmi1, bmi2, adx, sha, fma, vzeroupper, clflush, clflushopt, clwb, hv, serialize, rdtscp, rdpid, fsrm, f16c, cet_ibt, cet_ss
Processor Information for processor 0
  Max Mhz: 2300, Current Mhz: 2300, Mhz Limit: 2300
Processor Information for processor 1
  Max Mhz: 2300, Current Mhz: 2300, Mhz Limit: 2300
Processor Information for processor 2
  Max Mhz: 2300, Current Mhz: 1506, Mhz Limit: 2300
Processor Information for processor 3
  Max Mhz: 2300, Current Mhz: 2300, Mhz Limit: 2300
Processor Information for processor 4
  Max Mhz: 2300, Current Mhz: 2300, Mhz Limit: 2300
Processor Information for processor 5
  Max Mhz: 2300, Current Mhz: 2300, Mhz Limit: 2300
Processor Information for processor 6
  Max Mhz: 2300, Current Mhz: 1506, Mhz Limit: 2300
Processor Information for processor 7
  Max Mhz: 2300, Current Mhz: 1506, Mhz Limit: 2300
Processor Information for processor 8
  Max Mhz: 2300, Current Mhz: 2300, Mhz Limit: 2300
Processor Information for processor 9
  Max Mhz: 2300, Current Mhz: 2300, Mhz Limit: 2300
Processor Information for processor 10
  Max Mhz: 2300, Current Mhz: 2300, Mhz Limit: 2300
Processor Information for processor 11
  Max Mhz: 2300, Current Mhz: 2300, Mhz Limit: 2300
Processor Information for processor 12
  Max Mhz: 2300, Current Mhz: 1700, Mhz Limit: 1679
Processor Information for processor 13
  Max Mhz: 2300, Current Mhz: 1500, Mhz Limit: 1679
Processor Information for processor 14
  Max Mhz: 2300, Current Mhz: 1500, Mhz Limit: 1679
Processor Information for processor 15
  Max Mhz: 2300, Current Mhz: 1500, Mhz Limit: 1679
Processor Information for processor 16
  Max Mhz: 2300, Current Mhz: 1500, Mhz Limit: 1679
Processor Information for processor 17
  Max Mhz: 2300, Current Mhz: 1700, Mhz Limit: 1679
Processor Information for processor 18
  Max Mhz: 2300, Current Mhz: 1500, Mhz Limit: 1679
Processor Information for processor 19
  Max Mhz: 2300, Current Mhz: 1700, Mhz Limit: 1679

Memory: 4k page, system-wide physical 16108M (866M free)
TotalPageFile size 44780M (AvailPageFile size 17359M)
current process WorkingSet (physical memory assigned to process): 681M, peak: 926M
current process commit charge ("private bytes"): 1052M, peak: 1127M

vm_info: OpenJDK 64-Bit Server VM (21.0.1+12-29) for windows-amd64 JRE (21.0.1+12-29), built on 2023-10-05T13:27:09Z by "mach5one" with MS VC++ 17.1 (VS2022)

END.
